[2025-10-07 16:19:21,305][matplotlib][DEBUG] - CACHEDIR=C:\Users\jzhao16\.matplotlib
[2025-10-07 16:19:21,308][matplotlib.font_manager][DEBUG] - Using fontManager instance from C:\Users\jzhao16\.matplotlib\fontlist-v330.json
[2025-10-07 16:19:42,232][PML][WARNING] - No module named 'tensorboard'
[2025-10-07 16:19:42,232][PML][WARNING] - There won't be any logging or model saving.
[2025-10-07 16:19:42,232][PML][WARNING] - To fix this, pip install record-keeper tensorboard
[2025-10-07 16:19:42,804][PML][WARNING] - No record_keeper, so no preset hooks are being returned.
[2025-10-07 18:34:50,237][PML][INFO] - Initializing dataloader
[2025-10-07 18:34:50,238][PML][INFO] - Initializing dataloader iterator
[2025-10-07 18:37:36,354][PML][INFO] - Done creating dataloader iterator
[2025-10-07 18:37:36,357][PML][INFO] - TRAINING EPOCH 1
[2025-10-07 18:37:39,346][PML][INFO] - TRAINING EPOCH 2
[2025-10-07 18:40:21,872][PML][INFO] - TRAINING EPOCH 3
[2025-10-07 18:43:05,472][PML][INFO] - TRAINING EPOCH 4
[2025-10-07 18:45:48,604][PML][INFO] - TRAINING EPOCH 5
[2025-10-07 18:48:30,343][PML][INFO] - TRAINING EPOCH 6
[2025-10-07 18:51:14,493][PML][INFO] - TRAINING EPOCH 7
[2025-10-07 18:53:58,571][PML][INFO] - TRAINING EPOCH 8
[2025-10-07 18:56:43,826][PML][INFO] - TRAINING EPOCH 9
[2025-10-07 18:59:27,988][PML][INFO] - TRAINING EPOCH 10
[2025-10-07 19:02:13,196][PML][INFO] - TRAINING EPOCH 11
[2025-10-07 19:04:55,883][PML][INFO] - TRAINING EPOCH 12
