[2025-10-09 12:59:24,883][git.cmd][DEBUG] - Popen(['git', 'version'], cwd=C:\Users\jzhao16\Documents\GitHub\99-cell-tracker-gnn-test\99-cell-tracker-gnn-v02-ubu2004\logs\runs\2025-10-09\12-59-18, stdin=None, shell=False, universal_newlines=False)
[2025-10-09 12:59:24,935][git.cmd][DEBUG] - Popen(['git', 'version'], cwd=C:\Users\jzhao16\Documents\GitHub\99-cell-tracker-gnn-test\99-cell-tracker-gnn-v02-ubu2004\logs\runs\2025-10-09\12-59-18, stdin=None, shell=False, universal_newlines=False)
[2025-10-09 12:59:25,690][src.utils.utils][INFO] - Disabling python warnings! <config.disable_warnings=True>
[2025-10-09 12:59:25,727][src.train][INFO] - Instantiating datamodule <src.datamodules.celltrack_datamodule_mulSeq.CellTrackDataModule>
[2025-10-09 12:59:27,264][src.train][INFO] - Instantiating model <src.models.celltrack_plmodel.CellTrackLitModel>
[2025-10-09 12:59:27,447][src.train][INFO] - Instantiating callback <pytorch_lightning.callbacks.ModelCheckpoint>
[2025-10-09 12:59:27,448][src.train][INFO] - Instantiating callback <pytorch_lightning.callbacks.EarlyStopping>
[2025-10-09 12:59:27,449][src.train][INFO] - Instantiating logger <pytorch_lightning.loggers.tensorboard.TensorBoardLogger>
[2025-10-09 12:59:27,449][src.train][INFO] - Instantiating logger <pytorch_lightning.loggers.csv_logs.CSVLogger>
[2025-10-09 12:59:27,451][src.train][INFO] - Instantiating trainer <pytorch_lightning.Trainer>
[2025-10-09 12:59:27,454][pytorch_lightning.utilities.distributed][INFO] - GPU available: True, used: True
[2025-10-09 12:59:27,454][pytorch_lightning.utilities.distributed][INFO] - TPU available: False, using: 0 TPU cores
[2025-10-09 12:59:27,455][pytorch_lightning.utilities.distributed][INFO] - IPU available: False, using: 0 IPUs
[2025-10-09 12:59:27,455][src.train][INFO] - Logging hyperparameters!
[2025-10-09 12:59:27,471][src.train][INFO] - Starting training!
[2025-10-09 12:59:28,700][pytorch_lightning.accelerators.gpu][INFO] - LOCAL_RANK: 0 - CUDA_VISIBLE_DEVICES: [0]
[2025-10-09 12:59:28,797][fsspec.local][DEBUG] - open file: C:/Users/jzhao16/Documents/GitHub/99-cell-tracker-gnn-test/99-cell-tracker-gnn-v02-ubu2004/logs/runs/2025-10-09/12-59-18/tensorboard/default/version_0/hparams.yaml
[2025-10-09 12:59:28,819][fsspec.local][DEBUG] - open file: C:/Users/jzhao16/Documents/GitHub/99-cell-tracker-gnn-test/99-cell-tracker-gnn-v02-ubu2004/logs/runs/2025-10-09/12-59-18/csv/version_0/hparams.yaml
[2025-10-09 12:59:28,836][pytorch_lightning.core.lightning][INFO] - 
   | Name            | Type                  | Params
-----------------------------------------------------------
0  | model           | CellTrack_Model       | 249 K 
1  | criterion       | BCEWithLogitsLoss     | 0     
2  | trClassMetric   | ClassificationMetrics | 0     
3  | valClassMetric  | ClassificationMetrics | 0     
4  | testClassMetric | ClassificationMetrics | 0     
5  | train_PredCount | Countspecific         | 0     
6  | val_PredCount   | Countspecific         | 0     
7  | test_PredCount  | Countspecific         | 0     
8  | train_TarCount  | Countspecific         | 0     
9  | val_TarCount    | Countspecific         | 0     
10 | test_TarCount   | Countspecific         | 0     
-----------------------------------------------------------
249 K     Trainable params
0         Non-trainable params
249 K     Total params
0.997     Total estimated model params size (MB)
[2025-10-09 12:59:30,758][fsspec.local][DEBUG] - open file: C:/Users/jzhao16/Documents/GitHub/99-cell-tracker-gnn-test/99-cell-tracker-gnn-v02-ubu2004/logs/runs/2025-10-09/12-59-18/csv/version_0/hparams.yaml
[2025-10-09 12:59:30,818][fsspec.local][DEBUG] - open file: C:/Users/jzhao16/Documents/GitHub/99-cell-tracker-gnn-test/99-cell-tracker-gnn-v02-ubu2004/logs/runs/2025-10-09/12-59-18/checkpoints/epoch=00.ckpt
[2025-10-09 12:59:30,851][fsspec.local][DEBUG] - open file: C:/Users/jzhao16/Documents/GitHub/99-cell-tracker-gnn-test/99-cell-tracker-gnn-v02-ubu2004/logs/runs/2025-10-09/12-59-18/checkpoints/last.ckpt
[2025-10-09 12:59:30,863][fsspec.local][DEBUG] - open file: C:/Users/jzhao16/Documents/GitHub/99-cell-tracker-gnn-test/99-cell-tracker-gnn-v02-ubu2004/logs/runs/2025-10-09/12-59-18/csv/version_0/hparams.yaml
[2025-10-09 12:59:32,535][fsspec.local][DEBUG] - open file: C:/Users/jzhao16/Documents/GitHub/99-cell-tracker-gnn-test/99-cell-tracker-gnn-v02-ubu2004/logs/runs/2025-10-09/12-59-18/csv/version_0/hparams.yaml
[2025-10-09 12:59:32,591][fsspec.local][DEBUG] - open file: C:/Users/jzhao16/Documents/GitHub/99-cell-tracker-gnn-test/99-cell-tracker-gnn-v02-ubu2004/logs/runs/2025-10-09/12-59-18/checkpoints/last.ckpt
[2025-10-09 12:59:32,603][fsspec.local][DEBUG] - open file: C:/Users/jzhao16/Documents/GitHub/99-cell-tracker-gnn-test/99-cell-tracker-gnn-v02-ubu2004/logs/runs/2025-10-09/12-59-18/csv/version_0/hparams.yaml
[2025-10-09 12:59:34,270][fsspec.local][DEBUG] - open file: C:/Users/jzhao16/Documents/GitHub/99-cell-tracker-gnn-test/99-cell-tracker-gnn-v02-ubu2004/logs/runs/2025-10-09/12-59-18/csv/version_0/hparams.yaml
[2025-10-09 12:59:34,327][fsspec.local][DEBUG] - open file: C:/Users/jzhao16/Documents/GitHub/99-cell-tracker-gnn-test/99-cell-tracker-gnn-v02-ubu2004/logs/runs/2025-10-09/12-59-18/checkpoints/last.ckpt
[2025-10-09 12:59:34,339][fsspec.local][DEBUG] - open file: C:/Users/jzhao16/Documents/GitHub/99-cell-tracker-gnn-test/99-cell-tracker-gnn-v02-ubu2004/logs/runs/2025-10-09/12-59-18/csv/version_0/hparams.yaml
[2025-10-09 12:59:36,209][fsspec.local][DEBUG] - open file: C:/Users/jzhao16/Documents/GitHub/99-cell-tracker-gnn-test/99-cell-tracker-gnn-v02-ubu2004/logs/runs/2025-10-09/12-59-18/csv/version_0/hparams.yaml
[2025-10-09 12:59:36,267][fsspec.local][DEBUG] - open file: C:/Users/jzhao16/Documents/GitHub/99-cell-tracker-gnn-test/99-cell-tracker-gnn-v02-ubu2004/logs/runs/2025-10-09/12-59-18/checkpoints/epoch=03.ckpt
[2025-10-09 12:59:36,303][fsspec.local][DEBUG] - open file: C:/Users/jzhao16/Documents/GitHub/99-cell-tracker-gnn-test/99-cell-tracker-gnn-v02-ubu2004/logs/runs/2025-10-09/12-59-18/checkpoints/last.ckpt
[2025-10-09 12:59:36,315][fsspec.local][DEBUG] - open file: C:/Users/jzhao16/Documents/GitHub/99-cell-tracker-gnn-test/99-cell-tracker-gnn-v02-ubu2004/logs/runs/2025-10-09/12-59-18/csv/version_0/hparams.yaml
[2025-10-09 12:59:37,288][fsspec.local][DEBUG] - open file: C:/Users/jzhao16/Documents/GitHub/99-cell-tracker-gnn-test/99-cell-tracker-gnn-v02-ubu2004/logs/runs/2025-10-09/12-59-18/csv/version_0/hparams.yaml
[2025-10-09 12:59:38,134][fsspec.local][DEBUG] - open file: C:/Users/jzhao16/Documents/GitHub/99-cell-tracker-gnn-test/99-cell-tracker-gnn-v02-ubu2004/logs/runs/2025-10-09/12-59-18/csv/version_0/hparams.yaml
[2025-10-09 12:59:38,194][fsspec.local][DEBUG] - open file: C:/Users/jzhao16/Documents/GitHub/99-cell-tracker-gnn-test/99-cell-tracker-gnn-v02-ubu2004/logs/runs/2025-10-09/12-59-18/checkpoints/last.ckpt
[2025-10-09 12:59:38,206][fsspec.local][DEBUG] - open file: C:/Users/jzhao16/Documents/GitHub/99-cell-tracker-gnn-test/99-cell-tracker-gnn-v02-ubu2004/logs/runs/2025-10-09/12-59-18/csv/version_0/hparams.yaml
[2025-10-09 12:59:40,013][fsspec.local][DEBUG] - open file: C:/Users/jzhao16/Documents/GitHub/99-cell-tracker-gnn-test/99-cell-tracker-gnn-v02-ubu2004/logs/runs/2025-10-09/12-59-18/csv/version_0/hparams.yaml
[2025-10-09 12:59:40,073][fsspec.local][DEBUG] - open file: C:/Users/jzhao16/Documents/GitHub/99-cell-tracker-gnn-test/99-cell-tracker-gnn-v02-ubu2004/logs/runs/2025-10-09/12-59-18/checkpoints/last.ckpt
[2025-10-09 12:59:40,087][fsspec.local][DEBUG] - open file: C:/Users/jzhao16/Documents/GitHub/99-cell-tracker-gnn-test/99-cell-tracker-gnn-v02-ubu2004/logs/runs/2025-10-09/12-59-18/csv/version_0/hparams.yaml
[2025-10-09 12:59:41,932][fsspec.local][DEBUG] - open file: C:/Users/jzhao16/Documents/GitHub/99-cell-tracker-gnn-test/99-cell-tracker-gnn-v02-ubu2004/logs/runs/2025-10-09/12-59-18/csv/version_0/hparams.yaml
[2025-10-09 12:59:41,991][fsspec.local][DEBUG] - open file: C:/Users/jzhao16/Documents/GitHub/99-cell-tracker-gnn-test/99-cell-tracker-gnn-v02-ubu2004/logs/runs/2025-10-09/12-59-18/checkpoints/last.ckpt
[2025-10-09 12:59:42,005][fsspec.local][DEBUG] - open file: C:/Users/jzhao16/Documents/GitHub/99-cell-tracker-gnn-test/99-cell-tracker-gnn-v02-ubu2004/logs/runs/2025-10-09/12-59-18/csv/version_0/hparams.yaml
[2025-10-09 12:59:43,870][fsspec.local][DEBUG] - open file: C:/Users/jzhao16/Documents/GitHub/99-cell-tracker-gnn-test/99-cell-tracker-gnn-v02-ubu2004/logs/runs/2025-10-09/12-59-18/csv/version_0/hparams.yaml
[2025-10-09 12:59:43,931][fsspec.local][DEBUG] - open file: C:/Users/jzhao16/Documents/GitHub/99-cell-tracker-gnn-test/99-cell-tracker-gnn-v02-ubu2004/logs/runs/2025-10-09/12-59-18/checkpoints/last.ckpt
[2025-10-09 12:59:43,943][fsspec.local][DEBUG] - open file: C:/Users/jzhao16/Documents/GitHub/99-cell-tracker-gnn-test/99-cell-tracker-gnn-v02-ubu2004/logs/runs/2025-10-09/12-59-18/csv/version_0/hparams.yaml
[2025-10-09 12:59:45,855][fsspec.local][DEBUG] - open file: C:/Users/jzhao16/Documents/GitHub/99-cell-tracker-gnn-test/99-cell-tracker-gnn-v02-ubu2004/logs/runs/2025-10-09/12-59-18/csv/version_0/hparams.yaml
[2025-10-09 12:59:45,913][fsspec.local][DEBUG] - open file: C:/Users/jzhao16/Documents/GitHub/99-cell-tracker-gnn-test/99-cell-tracker-gnn-v02-ubu2004/logs/runs/2025-10-09/12-59-18/checkpoints/last.ckpt
[2025-10-09 12:59:45,928][fsspec.local][DEBUG] - open file: C:/Users/jzhao16/Documents/GitHub/99-cell-tracker-gnn-test/99-cell-tracker-gnn-v02-ubu2004/logs/runs/2025-10-09/12-59-18/csv/version_0/hparams.yaml
[2025-10-09 12:59:46,128][fsspec.local][DEBUG] - open file: C:/Users/jzhao16/Documents/GitHub/99-cell-tracker-gnn-test/99-cell-tracker-gnn-v02-ubu2004/logs/runs/2025-10-09/12-59-18/csv/version_0/hparams.yaml
[2025-10-09 12:59:47,791][fsspec.local][DEBUG] - open file: C:/Users/jzhao16/Documents/GitHub/99-cell-tracker-gnn-test/99-cell-tracker-gnn-v02-ubu2004/logs/runs/2025-10-09/12-59-18/csv/version_0/hparams.yaml
[2025-10-09 12:59:47,854][fsspec.local][DEBUG] - open file: C:/Users/jzhao16/Documents/GitHub/99-cell-tracker-gnn-test/99-cell-tracker-gnn-v02-ubu2004/logs/runs/2025-10-09/12-59-18/checkpoints/last.ckpt
[2025-10-09 12:59:47,867][fsspec.local][DEBUG] - open file: C:/Users/jzhao16/Documents/GitHub/99-cell-tracker-gnn-test/99-cell-tracker-gnn-v02-ubu2004/logs/runs/2025-10-09/12-59-18/csv/version_0/hparams.yaml
[2025-10-09 12:59:49,779][fsspec.local][DEBUG] - open file: C:/Users/jzhao16/Documents/GitHub/99-cell-tracker-gnn-test/99-cell-tracker-gnn-v02-ubu2004/logs/runs/2025-10-09/12-59-18/csv/version_0/hparams.yaml
[2025-10-09 12:59:49,840][fsspec.local][DEBUG] - open file: C:/Users/jzhao16/Documents/GitHub/99-cell-tracker-gnn-test/99-cell-tracker-gnn-v02-ubu2004/logs/runs/2025-10-09/12-59-18/checkpoints/last.ckpt
[2025-10-09 12:59:49,917][fsspec.local][DEBUG] - open file: C:/Users/jzhao16/Documents/GitHub/99-cell-tracker-gnn-test/99-cell-tracker-gnn-v02-ubu2004/logs/runs/2025-10-09/12-59-18/csv/version_0/hparams.yaml
[2025-10-09 12:59:51,790][fsspec.local][DEBUG] - open file: C:/Users/jzhao16/Documents/GitHub/99-cell-tracker-gnn-test/99-cell-tracker-gnn-v02-ubu2004/logs/runs/2025-10-09/12-59-18/csv/version_0/hparams.yaml
[2025-10-09 12:59:51,852][fsspec.local][DEBUG] - open file: C:/Users/jzhao16/Documents/GitHub/99-cell-tracker-gnn-test/99-cell-tracker-gnn-v02-ubu2004/logs/runs/2025-10-09/12-59-18/checkpoints/last.ckpt
[2025-10-09 12:59:51,864][fsspec.local][DEBUG] - open file: C:/Users/jzhao16/Documents/GitHub/99-cell-tracker-gnn-test/99-cell-tracker-gnn-v02-ubu2004/logs/runs/2025-10-09/12-59-18/csv/version_0/hparams.yaml
[2025-10-09 12:59:53,766][fsspec.local][DEBUG] - open file: C:/Users/jzhao16/Documents/GitHub/99-cell-tracker-gnn-test/99-cell-tracker-gnn-v02-ubu2004/logs/runs/2025-10-09/12-59-18/csv/version_0/hparams.yaml
[2025-10-09 12:59:53,829][fsspec.local][DEBUG] - open file: C:/Users/jzhao16/Documents/GitHub/99-cell-tracker-gnn-test/99-cell-tracker-gnn-v02-ubu2004/logs/runs/2025-10-09/12-59-18/checkpoints/last.ckpt
[2025-10-09 12:59:53,842][fsspec.local][DEBUG] - open file: C:/Users/jzhao16/Documents/GitHub/99-cell-tracker-gnn-test/99-cell-tracker-gnn-v02-ubu2004/logs/runs/2025-10-09/12-59-18/csv/version_0/hparams.yaml
[2025-10-09 12:59:55,060][fsspec.local][DEBUG] - open file: C:/Users/jzhao16/Documents/GitHub/99-cell-tracker-gnn-test/99-cell-tracker-gnn-v02-ubu2004/logs/runs/2025-10-09/12-59-18/csv/version_0/hparams.yaml
[2025-10-09 12:59:55,836][fsspec.local][DEBUG] - open file: C:/Users/jzhao16/Documents/GitHub/99-cell-tracker-gnn-test/99-cell-tracker-gnn-v02-ubu2004/logs/runs/2025-10-09/12-59-18/csv/version_0/hparams.yaml
[2025-10-09 12:59:55,898][fsspec.local][DEBUG] - open file: C:/Users/jzhao16/Documents/GitHub/99-cell-tracker-gnn-test/99-cell-tracker-gnn-v02-ubu2004/logs/runs/2025-10-09/12-59-18/checkpoints/last.ckpt
[2025-10-09 12:59:55,910][fsspec.local][DEBUG] - open file: C:/Users/jzhao16/Documents/GitHub/99-cell-tracker-gnn-test/99-cell-tracker-gnn-v02-ubu2004/logs/runs/2025-10-09/12-59-18/csv/version_0/hparams.yaml
[2025-10-09 12:59:58,087][fsspec.local][DEBUG] - open file: C:/Users/jzhao16/Documents/GitHub/99-cell-tracker-gnn-test/99-cell-tracker-gnn-v02-ubu2004/logs/runs/2025-10-09/12-59-18/csv/version_0/hparams.yaml
[2025-10-09 12:59:58,149][fsspec.local][DEBUG] - open file: C:/Users/jzhao16/Documents/GitHub/99-cell-tracker-gnn-test/99-cell-tracker-gnn-v02-ubu2004/logs/runs/2025-10-09/12-59-18/checkpoints/last.ckpt
[2025-10-09 12:59:58,162][fsspec.local][DEBUG] - open file: C:/Users/jzhao16/Documents/GitHub/99-cell-tracker-gnn-test/99-cell-tracker-gnn-v02-ubu2004/logs/runs/2025-10-09/12-59-18/csv/version_0/hparams.yaml
[2025-10-09 13:00:00,005][fsspec.local][DEBUG] - open file: C:/Users/jzhao16/Documents/GitHub/99-cell-tracker-gnn-test/99-cell-tracker-gnn-v02-ubu2004/logs/runs/2025-10-09/12-59-18/csv/version_0/hparams.yaml
[2025-10-09 13:00:00,067][fsspec.local][DEBUG] - open file: C:/Users/jzhao16/Documents/GitHub/99-cell-tracker-gnn-test/99-cell-tracker-gnn-v02-ubu2004/logs/runs/2025-10-09/12-59-18/checkpoints/last.ckpt
[2025-10-09 13:00:00,080][fsspec.local][DEBUG] - open file: C:/Users/jzhao16/Documents/GitHub/99-cell-tracker-gnn-test/99-cell-tracker-gnn-v02-ubu2004/logs/runs/2025-10-09/12-59-18/csv/version_0/hparams.yaml
[2025-10-09 13:00:01,958][fsspec.local][DEBUG] - open file: C:/Users/jzhao16/Documents/GitHub/99-cell-tracker-gnn-test/99-cell-tracker-gnn-v02-ubu2004/logs/runs/2025-10-09/12-59-18/csv/version_0/hparams.yaml
[2025-10-09 13:00:02,020][fsspec.local][DEBUG] - open file: C:/Users/jzhao16/Documents/GitHub/99-cell-tracker-gnn-test/99-cell-tracker-gnn-v02-ubu2004/logs/runs/2025-10-09/12-59-18/checkpoints/epoch=16.ckpt
[2025-10-09 13:00:02,056][fsspec.local][DEBUG] - open file: C:/Users/jzhao16/Documents/GitHub/99-cell-tracker-gnn-test/99-cell-tracker-gnn-v02-ubu2004/logs/runs/2025-10-09/12-59-18/checkpoints/last.ckpt
[2025-10-09 13:00:02,070][fsspec.local][DEBUG] - open file: C:/Users/jzhao16/Documents/GitHub/99-cell-tracker-gnn-test/99-cell-tracker-gnn-v02-ubu2004/logs/runs/2025-10-09/12-59-18/csv/version_0/hparams.yaml
[2025-10-09 13:00:04,188][fsspec.local][DEBUG] - open file: C:/Users/jzhao16/Documents/GitHub/99-cell-tracker-gnn-test/99-cell-tracker-gnn-v02-ubu2004/logs/runs/2025-10-09/12-59-18/csv/version_0/hparams.yaml
[2025-10-09 13:00:04,258][fsspec.local][DEBUG] - open file: C:/Users/jzhao16/Documents/GitHub/99-cell-tracker-gnn-test/99-cell-tracker-gnn-v02-ubu2004/logs/runs/2025-10-09/12-59-18/checkpoints/last.ckpt
[2025-10-09 13:00:04,272][fsspec.local][DEBUG] - open file: C:/Users/jzhao16/Documents/GitHub/99-cell-tracker-gnn-test/99-cell-tracker-gnn-v02-ubu2004/logs/runs/2025-10-09/12-59-18/csv/version_0/hparams.yaml
[2025-10-09 13:00:04,684][fsspec.local][DEBUG] - open file: C:/Users/jzhao16/Documents/GitHub/99-cell-tracker-gnn-test/99-cell-tracker-gnn-v02-ubu2004/logs/runs/2025-10-09/12-59-18/csv/version_0/hparams.yaml
[2025-10-09 13:00:06,296][fsspec.local][DEBUG] - open file: C:/Users/jzhao16/Documents/GitHub/99-cell-tracker-gnn-test/99-cell-tracker-gnn-v02-ubu2004/logs/runs/2025-10-09/12-59-18/csv/version_0/hparams.yaml
[2025-10-09 13:00:06,377][fsspec.local][DEBUG] - open file: C:/Users/jzhao16/Documents/GitHub/99-cell-tracker-gnn-test/99-cell-tracker-gnn-v02-ubu2004/logs/runs/2025-10-09/12-59-18/checkpoints/epoch=18.ckpt
[2025-10-09 13:00:06,418][fsspec.local][DEBUG] - open file: C:/Users/jzhao16/Documents/GitHub/99-cell-tracker-gnn-test/99-cell-tracker-gnn-v02-ubu2004/logs/runs/2025-10-09/12-59-18/checkpoints/last.ckpt
[2025-10-09 13:00:06,436][fsspec.local][DEBUG] - open file: C:/Users/jzhao16/Documents/GitHub/99-cell-tracker-gnn-test/99-cell-tracker-gnn-v02-ubu2004/logs/runs/2025-10-09/12-59-18/csv/version_0/hparams.yaml
[2025-10-09 13:00:08,468][fsspec.local][DEBUG] - open file: C:/Users/jzhao16/Documents/GitHub/99-cell-tracker-gnn-test/99-cell-tracker-gnn-v02-ubu2004/logs/runs/2025-10-09/12-59-18/csv/version_0/hparams.yaml
[2025-10-09 13:00:08,551][fsspec.local][DEBUG] - open file: C:/Users/jzhao16/Documents/GitHub/99-cell-tracker-gnn-test/99-cell-tracker-gnn-v02-ubu2004/logs/runs/2025-10-09/12-59-18/checkpoints/epoch=19.ckpt
[2025-10-09 13:00:08,589][fsspec.local][DEBUG] - open file: C:/Users/jzhao16/Documents/GitHub/99-cell-tracker-gnn-test/99-cell-tracker-gnn-v02-ubu2004/logs/runs/2025-10-09/12-59-18/checkpoints/last.ckpt
[2025-10-09 13:00:08,608][fsspec.local][DEBUG] - open file: C:/Users/jzhao16/Documents/GitHub/99-cell-tracker-gnn-test/99-cell-tracker-gnn-v02-ubu2004/logs/runs/2025-10-09/12-59-18/csv/version_0/hparams.yaml
[2025-10-09 13:00:10,687][fsspec.local][DEBUG] - open file: C:/Users/jzhao16/Documents/GitHub/99-cell-tracker-gnn-test/99-cell-tracker-gnn-v02-ubu2004/logs/runs/2025-10-09/12-59-18/csv/version_0/hparams.yaml
[2025-10-09 13:00:10,759][fsspec.local][DEBUG] - open file: C:/Users/jzhao16/Documents/GitHub/99-cell-tracker-gnn-test/99-cell-tracker-gnn-v02-ubu2004/logs/runs/2025-10-09/12-59-18/checkpoints/last.ckpt
[2025-10-09 13:00:10,773][fsspec.local][DEBUG] - open file: C:/Users/jzhao16/Documents/GitHub/99-cell-tracker-gnn-test/99-cell-tracker-gnn-v02-ubu2004/logs/runs/2025-10-09/12-59-18/csv/version_0/hparams.yaml
[2025-10-09 13:00:12,966][fsspec.local][DEBUG] - open file: C:/Users/jzhao16/Documents/GitHub/99-cell-tracker-gnn-test/99-cell-tracker-gnn-v02-ubu2004/logs/runs/2025-10-09/12-59-18/csv/version_0/hparams.yaml
[2025-10-09 13:00:13,060][fsspec.local][DEBUG] - open file: C:/Users/jzhao16/Documents/GitHub/99-cell-tracker-gnn-test/99-cell-tracker-gnn-v02-ubu2004/logs/runs/2025-10-09/12-59-18/checkpoints/epoch=21.ckpt
[2025-10-09 13:00:13,105][fsspec.local][DEBUG] - open file: C:/Users/jzhao16/Documents/GitHub/99-cell-tracker-gnn-test/99-cell-tracker-gnn-v02-ubu2004/logs/runs/2025-10-09/12-59-18/checkpoints/last.ckpt
[2025-10-09 13:00:13,131][fsspec.local][DEBUG] - open file: C:/Users/jzhao16/Documents/GitHub/99-cell-tracker-gnn-test/99-cell-tracker-gnn-v02-ubu2004/logs/runs/2025-10-09/12-59-18/csv/version_0/hparams.yaml
[2025-10-09 13:00:15,041][fsspec.local][DEBUG] - open file: C:/Users/jzhao16/Documents/GitHub/99-cell-tracker-gnn-test/99-cell-tracker-gnn-v02-ubu2004/logs/runs/2025-10-09/12-59-18/csv/version_0/hparams.yaml
[2025-10-09 13:00:15,624][fsspec.local][DEBUG] - open file: C:/Users/jzhao16/Documents/GitHub/99-cell-tracker-gnn-test/99-cell-tracker-gnn-v02-ubu2004/logs/runs/2025-10-09/12-59-18/csv/version_0/hparams.yaml
[2025-10-09 13:00:15,693][fsspec.local][DEBUG] - open file: C:/Users/jzhao16/Documents/GitHub/99-cell-tracker-gnn-test/99-cell-tracker-gnn-v02-ubu2004/logs/runs/2025-10-09/12-59-18/checkpoints/epoch=22.ckpt
[2025-10-09 13:00:15,731][fsspec.local][DEBUG] - open file: C:/Users/jzhao16/Documents/GitHub/99-cell-tracker-gnn-test/99-cell-tracker-gnn-v02-ubu2004/logs/runs/2025-10-09/12-59-18/checkpoints/last.ckpt
[2025-10-09 13:00:15,746][fsspec.local][DEBUG] - open file: C:/Users/jzhao16/Documents/GitHub/99-cell-tracker-gnn-test/99-cell-tracker-gnn-v02-ubu2004/logs/runs/2025-10-09/12-59-18/csv/version_0/hparams.yaml
[2025-10-09 13:00:17,903][fsspec.local][DEBUG] - open file: C:/Users/jzhao16/Documents/GitHub/99-cell-tracker-gnn-test/99-cell-tracker-gnn-v02-ubu2004/logs/runs/2025-10-09/12-59-18/csv/version_0/hparams.yaml
[2025-10-09 13:00:17,984][fsspec.local][DEBUG] - open file: C:/Users/jzhao16/Documents/GitHub/99-cell-tracker-gnn-test/99-cell-tracker-gnn-v02-ubu2004/logs/runs/2025-10-09/12-59-18/checkpoints/epoch=23.ckpt
[2025-10-09 13:00:18,025][fsspec.local][DEBUG] - open file: C:/Users/jzhao16/Documents/GitHub/99-cell-tracker-gnn-test/99-cell-tracker-gnn-v02-ubu2004/logs/runs/2025-10-09/12-59-18/checkpoints/last.ckpt
[2025-10-09 13:00:18,043][fsspec.local][DEBUG] - open file: C:/Users/jzhao16/Documents/GitHub/99-cell-tracker-gnn-test/99-cell-tracker-gnn-v02-ubu2004/logs/runs/2025-10-09/12-59-18/csv/version_0/hparams.yaml
[2025-10-09 13:00:20,081][fsspec.local][DEBUG] - open file: C:/Users/jzhao16/Documents/GitHub/99-cell-tracker-gnn-test/99-cell-tracker-gnn-v02-ubu2004/logs/runs/2025-10-09/12-59-18/csv/version_0/hparams.yaml
[2025-10-09 13:00:20,149][fsspec.local][DEBUG] - open file: C:/Users/jzhao16/Documents/GitHub/99-cell-tracker-gnn-test/99-cell-tracker-gnn-v02-ubu2004/logs/runs/2025-10-09/12-59-18/checkpoints/last.ckpt
[2025-10-09 13:00:20,164][fsspec.local][DEBUG] - open file: C:/Users/jzhao16/Documents/GitHub/99-cell-tracker-gnn-test/99-cell-tracker-gnn-v02-ubu2004/logs/runs/2025-10-09/12-59-18/csv/version_0/hparams.yaml
[2025-10-09 13:00:22,453][fsspec.local][DEBUG] - open file: C:/Users/jzhao16/Documents/GitHub/99-cell-tracker-gnn-test/99-cell-tracker-gnn-v02-ubu2004/logs/runs/2025-10-09/12-59-18/csv/version_0/hparams.yaml
[2025-10-09 13:00:22,519][fsspec.local][DEBUG] - open file: C:/Users/jzhao16/Documents/GitHub/99-cell-tracker-gnn-test/99-cell-tracker-gnn-v02-ubu2004/logs/runs/2025-10-09/12-59-18/checkpoints/last.ckpt
[2025-10-09 13:00:22,533][fsspec.local][DEBUG] - open file: C:/Users/jzhao16/Documents/GitHub/99-cell-tracker-gnn-test/99-cell-tracker-gnn-v02-ubu2004/logs/runs/2025-10-09/12-59-18/csv/version_0/hparams.yaml
[2025-10-09 13:00:24,491][fsspec.local][DEBUG] - open file: C:/Users/jzhao16/Documents/GitHub/99-cell-tracker-gnn-test/99-cell-tracker-gnn-v02-ubu2004/logs/runs/2025-10-09/12-59-18/csv/version_0/hparams.yaml
[2025-10-09 13:00:24,559][fsspec.local][DEBUG] - open file: C:/Users/jzhao16/Documents/GitHub/99-cell-tracker-gnn-test/99-cell-tracker-gnn-v02-ubu2004/logs/runs/2025-10-09/12-59-18/checkpoints/last.ckpt
[2025-10-09 13:00:24,572][fsspec.local][DEBUG] - open file: C:/Users/jzhao16/Documents/GitHub/99-cell-tracker-gnn-test/99-cell-tracker-gnn-v02-ubu2004/logs/runs/2025-10-09/12-59-18/csv/version_0/hparams.yaml
[2025-10-09 13:00:25,158][fsspec.local][DEBUG] - open file: C:/Users/jzhao16/Documents/GitHub/99-cell-tracker-gnn-test/99-cell-tracker-gnn-v02-ubu2004/logs/runs/2025-10-09/12-59-18/csv/version_0/hparams.yaml
[2025-10-09 13:00:26,554][fsspec.local][DEBUG] - open file: C:/Users/jzhao16/Documents/GitHub/99-cell-tracker-gnn-test/99-cell-tracker-gnn-v02-ubu2004/logs/runs/2025-10-09/12-59-18/csv/version_0/hparams.yaml
[2025-10-09 13:00:26,621][fsspec.local][DEBUG] - open file: C:/Users/jzhao16/Documents/GitHub/99-cell-tracker-gnn-test/99-cell-tracker-gnn-v02-ubu2004/logs/runs/2025-10-09/12-59-18/checkpoints/last.ckpt
[2025-10-09 13:00:26,635][fsspec.local][DEBUG] - open file: C:/Users/jzhao16/Documents/GitHub/99-cell-tracker-gnn-test/99-cell-tracker-gnn-v02-ubu2004/logs/runs/2025-10-09/12-59-18/csv/version_0/hparams.yaml
[2025-10-09 13:00:29,239][fsspec.local][DEBUG] - open file: C:/Users/jzhao16/Documents/GitHub/99-cell-tracker-gnn-test/99-cell-tracker-gnn-v02-ubu2004/logs/runs/2025-10-09/12-59-18/csv/version_0/hparams.yaml
[2025-10-09 13:00:29,324][fsspec.local][DEBUG] - open file: C:/Users/jzhao16/Documents/GitHub/99-cell-tracker-gnn-test/99-cell-tracker-gnn-v02-ubu2004/logs/runs/2025-10-09/12-59-18/checkpoints/last.ckpt
[2025-10-09 13:00:29,343][fsspec.local][DEBUG] - open file: C:/Users/jzhao16/Documents/GitHub/99-cell-tracker-gnn-test/99-cell-tracker-gnn-v02-ubu2004/logs/runs/2025-10-09/12-59-18/csv/version_0/hparams.yaml
[2025-10-09 13:00:31,459][fsspec.local][DEBUG] - open file: C:/Users/jzhao16/Documents/GitHub/99-cell-tracker-gnn-test/99-cell-tracker-gnn-v02-ubu2004/logs/runs/2025-10-09/12-59-18/csv/version_0/hparams.yaml
[2025-10-09 13:00:31,534][fsspec.local][DEBUG] - open file: C:/Users/jzhao16/Documents/GitHub/99-cell-tracker-gnn-test/99-cell-tracker-gnn-v02-ubu2004/logs/runs/2025-10-09/12-59-18/checkpoints/last.ckpt
[2025-10-09 13:00:31,548][fsspec.local][DEBUG] - open file: C:/Users/jzhao16/Documents/GitHub/99-cell-tracker-gnn-test/99-cell-tracker-gnn-v02-ubu2004/logs/runs/2025-10-09/12-59-18/csv/version_0/hparams.yaml
[2025-10-09 13:00:33,614][fsspec.local][DEBUG] - open file: C:/Users/jzhao16/Documents/GitHub/99-cell-tracker-gnn-test/99-cell-tracker-gnn-v02-ubu2004/logs/runs/2025-10-09/12-59-18/csv/version_0/hparams.yaml
[2025-10-09 13:00:33,682][fsspec.local][DEBUG] - open file: C:/Users/jzhao16/Documents/GitHub/99-cell-tracker-gnn-test/99-cell-tracker-gnn-v02-ubu2004/logs/runs/2025-10-09/12-59-18/checkpoints/last.ckpt
[2025-10-09 13:00:33,696][fsspec.local][DEBUG] - open file: C:/Users/jzhao16/Documents/GitHub/99-cell-tracker-gnn-test/99-cell-tracker-gnn-v02-ubu2004/logs/runs/2025-10-09/12-59-18/csv/version_0/hparams.yaml
[2025-10-09 13:00:35,322][fsspec.local][DEBUG] - open file: C:/Users/jzhao16/Documents/GitHub/99-cell-tracker-gnn-test/99-cell-tracker-gnn-v02-ubu2004/logs/runs/2025-10-09/12-59-18/csv/version_0/hparams.yaml
[2025-10-09 13:00:35,761][fsspec.local][DEBUG] - open file: C:/Users/jzhao16/Documents/GitHub/99-cell-tracker-gnn-test/99-cell-tracker-gnn-v02-ubu2004/logs/runs/2025-10-09/12-59-18/csv/version_0/hparams.yaml
[2025-10-09 13:00:35,833][fsspec.local][DEBUG] - open file: C:/Users/jzhao16/Documents/GitHub/99-cell-tracker-gnn-test/99-cell-tracker-gnn-v02-ubu2004/logs/runs/2025-10-09/12-59-18/checkpoints/epoch=31.ckpt
[2025-10-09 13:00:35,873][fsspec.local][DEBUG] - open file: C:/Users/jzhao16/Documents/GitHub/99-cell-tracker-gnn-test/99-cell-tracker-gnn-v02-ubu2004/logs/runs/2025-10-09/12-59-18/checkpoints/last.ckpt
[2025-10-09 13:00:35,890][fsspec.local][DEBUG] - open file: C:/Users/jzhao16/Documents/GitHub/99-cell-tracker-gnn-test/99-cell-tracker-gnn-v02-ubu2004/logs/runs/2025-10-09/12-59-18/csv/version_0/hparams.yaml
[2025-10-09 13:00:37,975][fsspec.local][DEBUG] - open file: C:/Users/jzhao16/Documents/GitHub/99-cell-tracker-gnn-test/99-cell-tracker-gnn-v02-ubu2004/logs/runs/2025-10-09/12-59-18/csv/version_0/hparams.yaml
[2025-10-09 13:00:38,046][fsspec.local][DEBUG] - open file: C:/Users/jzhao16/Documents/GitHub/99-cell-tracker-gnn-test/99-cell-tracker-gnn-v02-ubu2004/logs/runs/2025-10-09/12-59-18/checkpoints/last.ckpt
[2025-10-09 13:00:38,060][fsspec.local][DEBUG] - open file: C:/Users/jzhao16/Documents/GitHub/99-cell-tracker-gnn-test/99-cell-tracker-gnn-v02-ubu2004/logs/runs/2025-10-09/12-59-18/csv/version_0/hparams.yaml
[2025-10-09 13:00:40,154][fsspec.local][DEBUG] - open file: C:/Users/jzhao16/Documents/GitHub/99-cell-tracker-gnn-test/99-cell-tracker-gnn-v02-ubu2004/logs/runs/2025-10-09/12-59-18/csv/version_0/hparams.yaml
[2025-10-09 13:00:40,229][fsspec.local][DEBUG] - open file: C:/Users/jzhao16/Documents/GitHub/99-cell-tracker-gnn-test/99-cell-tracker-gnn-v02-ubu2004/logs/runs/2025-10-09/12-59-18/checkpoints/last.ckpt
[2025-10-09 13:00:40,243][fsspec.local][DEBUG] - open file: C:/Users/jzhao16/Documents/GitHub/99-cell-tracker-gnn-test/99-cell-tracker-gnn-v02-ubu2004/logs/runs/2025-10-09/12-59-18/csv/version_0/hparams.yaml
[2025-10-09 13:00:42,275][fsspec.local][DEBUG] - open file: C:/Users/jzhao16/Documents/GitHub/99-cell-tracker-gnn-test/99-cell-tracker-gnn-v02-ubu2004/logs/runs/2025-10-09/12-59-18/csv/version_0/hparams.yaml
[2025-10-09 13:00:42,357][fsspec.local][DEBUG] - open file: C:/Users/jzhao16/Documents/GitHub/99-cell-tracker-gnn-test/99-cell-tracker-gnn-v02-ubu2004/logs/runs/2025-10-09/12-59-18/checkpoints/last.ckpt
[2025-10-09 13:00:42,373][fsspec.local][DEBUG] - open file: C:/Users/jzhao16/Documents/GitHub/99-cell-tracker-gnn-test/99-cell-tracker-gnn-v02-ubu2004/logs/runs/2025-10-09/12-59-18/csv/version_0/hparams.yaml
[2025-10-09 13:00:45,154][fsspec.local][DEBUG] - open file: C:/Users/jzhao16/Documents/GitHub/99-cell-tracker-gnn-test/99-cell-tracker-gnn-v02-ubu2004/logs/runs/2025-10-09/12-59-18/csv/version_0/hparams.yaml
[2025-10-09 13:00:45,228][fsspec.local][DEBUG] - open file: C:/Users/jzhao16/Documents/GitHub/99-cell-tracker-gnn-test/99-cell-tracker-gnn-v02-ubu2004/logs/runs/2025-10-09/12-59-18/checkpoints/last.ckpt
[2025-10-09 13:00:45,241][fsspec.local][DEBUG] - open file: C:/Users/jzhao16/Documents/GitHub/99-cell-tracker-gnn-test/99-cell-tracker-gnn-v02-ubu2004/logs/runs/2025-10-09/12-59-18/csv/version_0/hparams.yaml
[2025-10-09 13:00:46,067][fsspec.local][DEBUG] - open file: C:/Users/jzhao16/Documents/GitHub/99-cell-tracker-gnn-test/99-cell-tracker-gnn-v02-ubu2004/logs/runs/2025-10-09/12-59-18/csv/version_0/hparams.yaml
[2025-10-09 13:00:47,660][fsspec.local][DEBUG] - open file: C:/Users/jzhao16/Documents/GitHub/99-cell-tracker-gnn-test/99-cell-tracker-gnn-v02-ubu2004/logs/runs/2025-10-09/12-59-18/csv/version_0/hparams.yaml
[2025-10-09 13:00:47,734][fsspec.local][DEBUG] - open file: C:/Users/jzhao16/Documents/GitHub/99-cell-tracker-gnn-test/99-cell-tracker-gnn-v02-ubu2004/logs/runs/2025-10-09/12-59-18/checkpoints/last.ckpt
[2025-10-09 13:00:47,747][fsspec.local][DEBUG] - open file: C:/Users/jzhao16/Documents/GitHub/99-cell-tracker-gnn-test/99-cell-tracker-gnn-v02-ubu2004/logs/runs/2025-10-09/12-59-18/csv/version_0/hparams.yaml
[2025-10-09 13:00:49,859][fsspec.local][DEBUG] - open file: C:/Users/jzhao16/Documents/GitHub/99-cell-tracker-gnn-test/99-cell-tracker-gnn-v02-ubu2004/logs/runs/2025-10-09/12-59-18/csv/version_0/hparams.yaml
[2025-10-09 13:00:49,931][fsspec.local][DEBUG] - open file: C:/Users/jzhao16/Documents/GitHub/99-cell-tracker-gnn-test/99-cell-tracker-gnn-v02-ubu2004/logs/runs/2025-10-09/12-59-18/checkpoints/last.ckpt
[2025-10-09 13:00:49,944][fsspec.local][DEBUG] - open file: C:/Users/jzhao16/Documents/GitHub/99-cell-tracker-gnn-test/99-cell-tracker-gnn-v02-ubu2004/logs/runs/2025-10-09/12-59-18/csv/version_0/hparams.yaml
[2025-10-09 13:00:51,963][fsspec.local][DEBUG] - open file: C:/Users/jzhao16/Documents/GitHub/99-cell-tracker-gnn-test/99-cell-tracker-gnn-v02-ubu2004/logs/runs/2025-10-09/12-59-18/csv/version_0/hparams.yaml
[2025-10-09 13:00:52,036][fsspec.local][DEBUG] - open file: C:/Users/jzhao16/Documents/GitHub/99-cell-tracker-gnn-test/99-cell-tracker-gnn-v02-ubu2004/logs/runs/2025-10-09/12-59-18/checkpoints/last.ckpt
[2025-10-09 13:00:52,049][fsspec.local][DEBUG] - open file: C:/Users/jzhao16/Documents/GitHub/99-cell-tracker-gnn-test/99-cell-tracker-gnn-v02-ubu2004/logs/runs/2025-10-09/12-59-18/csv/version_0/hparams.yaml
[2025-10-09 13:00:54,094][fsspec.local][DEBUG] - open file: C:/Users/jzhao16/Documents/GitHub/99-cell-tracker-gnn-test/99-cell-tracker-gnn-v02-ubu2004/logs/runs/2025-10-09/12-59-18/csv/version_0/hparams.yaml
[2025-10-09 13:00:54,168][fsspec.local][DEBUG] - open file: C:/Users/jzhao16/Documents/GitHub/99-cell-tracker-gnn-test/99-cell-tracker-gnn-v02-ubu2004/logs/runs/2025-10-09/12-59-18/checkpoints/last.ckpt
[2025-10-09 13:00:54,182][fsspec.local][DEBUG] - open file: C:/Users/jzhao16/Documents/GitHub/99-cell-tracker-gnn-test/99-cell-tracker-gnn-v02-ubu2004/logs/runs/2025-10-09/12-59-18/csv/version_0/hparams.yaml
[2025-10-09 13:00:55,947][fsspec.local][DEBUG] - open file: C:/Users/jzhao16/Documents/GitHub/99-cell-tracker-gnn-test/99-cell-tracker-gnn-v02-ubu2004/logs/runs/2025-10-09/12-59-18/csv/version_0/hparams.yaml
[2025-10-09 13:00:56,259][fsspec.local][DEBUG] - open file: C:/Users/jzhao16/Documents/GitHub/99-cell-tracker-gnn-test/99-cell-tracker-gnn-v02-ubu2004/logs/runs/2025-10-09/12-59-18/csv/version_0/hparams.yaml
[2025-10-09 13:00:56,335][fsspec.local][DEBUG] - open file: C:/Users/jzhao16/Documents/GitHub/99-cell-tracker-gnn-test/99-cell-tracker-gnn-v02-ubu2004/logs/runs/2025-10-09/12-59-18/checkpoints/epoch=40.ckpt
[2025-10-09 13:00:56,373][fsspec.local][DEBUG] - open file: C:/Users/jzhao16/Documents/GitHub/99-cell-tracker-gnn-test/99-cell-tracker-gnn-v02-ubu2004/logs/runs/2025-10-09/12-59-18/checkpoints/last.ckpt
[2025-10-09 13:00:56,387][fsspec.local][DEBUG] - open file: C:/Users/jzhao16/Documents/GitHub/99-cell-tracker-gnn-test/99-cell-tracker-gnn-v02-ubu2004/logs/runs/2025-10-09/12-59-18/csv/version_0/hparams.yaml
[2025-10-09 13:00:58,959][fsspec.local][DEBUG] - open file: C:/Users/jzhao16/Documents/GitHub/99-cell-tracker-gnn-test/99-cell-tracker-gnn-v02-ubu2004/logs/runs/2025-10-09/12-59-18/csv/version_0/hparams.yaml
[2025-10-09 13:00:59,045][fsspec.local][DEBUG] - open file: C:/Users/jzhao16/Documents/GitHub/99-cell-tracker-gnn-test/99-cell-tracker-gnn-v02-ubu2004/logs/runs/2025-10-09/12-59-18/checkpoints/last.ckpt
[2025-10-09 13:00:59,063][fsspec.local][DEBUG] - open file: C:/Users/jzhao16/Documents/GitHub/99-cell-tracker-gnn-test/99-cell-tracker-gnn-v02-ubu2004/logs/runs/2025-10-09/12-59-18/csv/version_0/hparams.yaml
[2025-10-09 13:01:01,108][fsspec.local][DEBUG] - open file: C:/Users/jzhao16/Documents/GitHub/99-cell-tracker-gnn-test/99-cell-tracker-gnn-v02-ubu2004/logs/runs/2025-10-09/12-59-18/csv/version_0/hparams.yaml
[2025-10-09 13:01:01,178][fsspec.local][DEBUG] - open file: C:/Users/jzhao16/Documents/GitHub/99-cell-tracker-gnn-test/99-cell-tracker-gnn-v02-ubu2004/logs/runs/2025-10-09/12-59-18/checkpoints/last.ckpt
[2025-10-09 13:01:01,192][fsspec.local][DEBUG] - open file: C:/Users/jzhao16/Documents/GitHub/99-cell-tracker-gnn-test/99-cell-tracker-gnn-v02-ubu2004/logs/runs/2025-10-09/12-59-18/csv/version_0/hparams.yaml
[2025-10-09 13:01:03,176][fsspec.local][DEBUG] - open file: C:/Users/jzhao16/Documents/GitHub/99-cell-tracker-gnn-test/99-cell-tracker-gnn-v02-ubu2004/logs/runs/2025-10-09/12-59-18/csv/version_0/hparams.yaml
[2025-10-09 13:01:03,245][fsspec.local][DEBUG] - open file: C:/Users/jzhao16/Documents/GitHub/99-cell-tracker-gnn-test/99-cell-tracker-gnn-v02-ubu2004/logs/runs/2025-10-09/12-59-18/checkpoints/last.ckpt
[2025-10-09 13:01:03,259][fsspec.local][DEBUG] - open file: C:/Users/jzhao16/Documents/GitHub/99-cell-tracker-gnn-test/99-cell-tracker-gnn-v02-ubu2004/logs/runs/2025-10-09/12-59-18/csv/version_0/hparams.yaml
[2025-10-09 13:01:05,258][fsspec.local][DEBUG] - open file: C:/Users/jzhao16/Documents/GitHub/99-cell-tracker-gnn-test/99-cell-tracker-gnn-v02-ubu2004/logs/runs/2025-10-09/12-59-18/csv/version_0/hparams.yaml
[2025-10-09 13:01:05,333][fsspec.local][DEBUG] - open file: C:/Users/jzhao16/Documents/GitHub/99-cell-tracker-gnn-test/99-cell-tracker-gnn-v02-ubu2004/logs/runs/2025-10-09/12-59-18/checkpoints/last.ckpt
[2025-10-09 13:01:05,346][fsspec.local][DEBUG] - open file: C:/Users/jzhao16/Documents/GitHub/99-cell-tracker-gnn-test/99-cell-tracker-gnn-v02-ubu2004/logs/runs/2025-10-09/12-59-18/csv/version_0/hparams.yaml
[2025-10-09 13:01:06,324][fsspec.local][DEBUG] - open file: C:/Users/jzhao16/Documents/GitHub/99-cell-tracker-gnn-test/99-cell-tracker-gnn-v02-ubu2004/logs/runs/2025-10-09/12-59-18/csv/version_0/hparams.yaml
[2025-10-09 13:01:07,490][fsspec.local][DEBUG] - open file: C:/Users/jzhao16/Documents/GitHub/99-cell-tracker-gnn-test/99-cell-tracker-gnn-v02-ubu2004/logs/runs/2025-10-09/12-59-18/csv/version_0/hparams.yaml
[2025-10-09 13:01:07,562][fsspec.local][DEBUG] - open file: C:/Users/jzhao16/Documents/GitHub/99-cell-tracker-gnn-test/99-cell-tracker-gnn-v02-ubu2004/logs/runs/2025-10-09/12-59-18/checkpoints/last.ckpt
[2025-10-09 13:01:07,576][fsspec.local][DEBUG] - open file: C:/Users/jzhao16/Documents/GitHub/99-cell-tracker-gnn-test/99-cell-tracker-gnn-v02-ubu2004/logs/runs/2025-10-09/12-59-18/csv/version_0/hparams.yaml
[2025-10-09 13:01:09,564][fsspec.local][DEBUG] - open file: C:/Users/jzhao16/Documents/GitHub/99-cell-tracker-gnn-test/99-cell-tracker-gnn-v02-ubu2004/logs/runs/2025-10-09/12-59-18/csv/version_0/hparams.yaml
[2025-10-09 13:01:09,637][fsspec.local][DEBUG] - open file: C:/Users/jzhao16/Documents/GitHub/99-cell-tracker-gnn-test/99-cell-tracker-gnn-v02-ubu2004/logs/runs/2025-10-09/12-59-18/checkpoints/last.ckpt
[2025-10-09 13:01:09,650][fsspec.local][DEBUG] - open file: C:/Users/jzhao16/Documents/GitHub/99-cell-tracker-gnn-test/99-cell-tracker-gnn-v02-ubu2004/logs/runs/2025-10-09/12-59-18/csv/version_0/hparams.yaml
[2025-10-09 13:01:11,722][fsspec.local][DEBUG] - open file: C:/Users/jzhao16/Documents/GitHub/99-cell-tracker-gnn-test/99-cell-tracker-gnn-v02-ubu2004/logs/runs/2025-10-09/12-59-18/csv/version_0/hparams.yaml
[2025-10-09 13:01:11,796][fsspec.local][DEBUG] - open file: C:/Users/jzhao16/Documents/GitHub/99-cell-tracker-gnn-test/99-cell-tracker-gnn-v02-ubu2004/logs/runs/2025-10-09/12-59-18/checkpoints/last.ckpt
[2025-10-09 13:01:11,810][fsspec.local][DEBUG] - open file: C:/Users/jzhao16/Documents/GitHub/99-cell-tracker-gnn-test/99-cell-tracker-gnn-v02-ubu2004/logs/runs/2025-10-09/12-59-18/csv/version_0/hparams.yaml
[2025-10-09 13:01:14,409][fsspec.local][DEBUG] - open file: C:/Users/jzhao16/Documents/GitHub/99-cell-tracker-gnn-test/99-cell-tracker-gnn-v02-ubu2004/logs/runs/2025-10-09/12-59-18/csv/version_0/hparams.yaml
[2025-10-09 13:01:14,483][fsspec.local][DEBUG] - open file: C:/Users/jzhao16/Documents/GitHub/99-cell-tracker-gnn-test/99-cell-tracker-gnn-v02-ubu2004/logs/runs/2025-10-09/12-59-18/checkpoints/last.ckpt
[2025-10-09 13:01:14,496][fsspec.local][DEBUG] - open file: C:/Users/jzhao16/Documents/GitHub/99-cell-tracker-gnn-test/99-cell-tracker-gnn-v02-ubu2004/logs/runs/2025-10-09/12-59-18/csv/version_0/hparams.yaml
[2025-10-09 13:01:16,515][fsspec.local][DEBUG] - open file: C:/Users/jzhao16/Documents/GitHub/99-cell-tracker-gnn-test/99-cell-tracker-gnn-v02-ubu2004/logs/runs/2025-10-09/12-59-18/csv/version_0/hparams.yaml
[2025-10-09 13:01:16,543][fsspec.local][DEBUG] - open file: C:/Users/jzhao16/Documents/GitHub/99-cell-tracker-gnn-test/99-cell-tracker-gnn-v02-ubu2004/logs/runs/2025-10-09/12-59-18/csv/version_0/hparams.yaml
[2025-10-09 13:01:16,614][fsspec.local][DEBUG] - open file: C:/Users/jzhao16/Documents/GitHub/99-cell-tracker-gnn-test/99-cell-tracker-gnn-v02-ubu2004/logs/runs/2025-10-09/12-59-18/checkpoints/epoch=49.ckpt
[2025-10-09 13:01:16,659][fsspec.local][DEBUG] - open file: C:/Users/jzhao16/Documents/GitHub/99-cell-tracker-gnn-test/99-cell-tracker-gnn-v02-ubu2004/logs/runs/2025-10-09/12-59-18/checkpoints/last.ckpt
[2025-10-09 13:01:16,674][fsspec.local][DEBUG] - open file: C:/Users/jzhao16/Documents/GitHub/99-cell-tracker-gnn-test/99-cell-tracker-gnn-v02-ubu2004/logs/runs/2025-10-09/12-59-18/csv/version_0/hparams.yaml
[2025-10-09 13:01:18,820][fsspec.local][DEBUG] - open file: C:/Users/jzhao16/Documents/GitHub/99-cell-tracker-gnn-test/99-cell-tracker-gnn-v02-ubu2004/logs/runs/2025-10-09/12-59-18/csv/version_0/hparams.yaml
[2025-10-09 13:01:18,894][fsspec.local][DEBUG] - open file: C:/Users/jzhao16/Documents/GitHub/99-cell-tracker-gnn-test/99-cell-tracker-gnn-v02-ubu2004/logs/runs/2025-10-09/12-59-18/checkpoints/last.ckpt
[2025-10-09 13:01:18,906][fsspec.local][DEBUG] - open file: C:/Users/jzhao16/Documents/GitHub/99-cell-tracker-gnn-test/99-cell-tracker-gnn-v02-ubu2004/logs/runs/2025-10-09/12-59-18/csv/version_0/hparams.yaml
[2025-10-09 13:01:20,972][fsspec.local][DEBUG] - open file: C:/Users/jzhao16/Documents/GitHub/99-cell-tracker-gnn-test/99-cell-tracker-gnn-v02-ubu2004/logs/runs/2025-10-09/12-59-18/csv/version_0/hparams.yaml
[2025-10-09 13:01:21,043][fsspec.local][DEBUG] - open file: C:/Users/jzhao16/Documents/GitHub/99-cell-tracker-gnn-test/99-cell-tracker-gnn-v02-ubu2004/logs/runs/2025-10-09/12-59-18/checkpoints/epoch=51.ckpt
[2025-10-09 13:01:21,079][fsspec.local][DEBUG] - open file: C:/Users/jzhao16/Documents/GitHub/99-cell-tracker-gnn-test/99-cell-tracker-gnn-v02-ubu2004/logs/runs/2025-10-09/12-59-18/checkpoints/last.ckpt
[2025-10-09 13:01:21,110][fsspec.local][DEBUG] - open file: C:/Users/jzhao16/Documents/GitHub/99-cell-tracker-gnn-test/99-cell-tracker-gnn-v02-ubu2004/logs/runs/2025-10-09/12-59-18/csv/version_0/hparams.yaml
[2025-10-09 13:01:23,203][fsspec.local][DEBUG] - open file: C:/Users/jzhao16/Documents/GitHub/99-cell-tracker-gnn-test/99-cell-tracker-gnn-v02-ubu2004/logs/runs/2025-10-09/12-59-18/csv/version_0/hparams.yaml
[2025-10-09 13:01:23,279][fsspec.local][DEBUG] - open file: C:/Users/jzhao16/Documents/GitHub/99-cell-tracker-gnn-test/99-cell-tracker-gnn-v02-ubu2004/logs/runs/2025-10-09/12-59-18/checkpoints/last.ckpt
[2025-10-09 13:01:23,292][fsspec.local][DEBUG] - open file: C:/Users/jzhao16/Documents/GitHub/99-cell-tracker-gnn-test/99-cell-tracker-gnn-v02-ubu2004/logs/runs/2025-10-09/12-59-18/csv/version_0/hparams.yaml
[2025-10-09 13:01:25,391][fsspec.local][DEBUG] - open file: C:/Users/jzhao16/Documents/GitHub/99-cell-tracker-gnn-test/99-cell-tracker-gnn-v02-ubu2004/logs/runs/2025-10-09/12-59-18/csv/version_0/hparams.yaml
[2025-10-09 13:01:25,466][fsspec.local][DEBUG] - open file: C:/Users/jzhao16/Documents/GitHub/99-cell-tracker-gnn-test/99-cell-tracker-gnn-v02-ubu2004/logs/runs/2025-10-09/12-59-18/checkpoints/last.ckpt
[2025-10-09 13:01:25,481][fsspec.local][DEBUG] - open file: C:/Users/jzhao16/Documents/GitHub/99-cell-tracker-gnn-test/99-cell-tracker-gnn-v02-ubu2004/logs/runs/2025-10-09/12-59-18/csv/version_0/hparams.yaml
[2025-10-09 13:01:26,632][fsspec.local][DEBUG] - open file: C:/Users/jzhao16/Documents/GitHub/99-cell-tracker-gnn-test/99-cell-tracker-gnn-v02-ubu2004/logs/runs/2025-10-09/12-59-18/csv/version_0/hparams.yaml
[2025-10-09 13:01:27,583][fsspec.local][DEBUG] - open file: C:/Users/jzhao16/Documents/GitHub/99-cell-tracker-gnn-test/99-cell-tracker-gnn-v02-ubu2004/logs/runs/2025-10-09/12-59-18/csv/version_0/hparams.yaml
[2025-10-09 13:01:27,658][fsspec.local][DEBUG] - open file: C:/Users/jzhao16/Documents/GitHub/99-cell-tracker-gnn-test/99-cell-tracker-gnn-v02-ubu2004/logs/runs/2025-10-09/12-59-18/checkpoints/epoch=54.ckpt
[2025-10-09 13:01:27,697][fsspec.local][DEBUG] - open file: C:/Users/jzhao16/Documents/GitHub/99-cell-tracker-gnn-test/99-cell-tracker-gnn-v02-ubu2004/logs/runs/2025-10-09/12-59-18/checkpoints/last.ckpt
[2025-10-09 13:01:27,716][fsspec.local][DEBUG] - open file: C:/Users/jzhao16/Documents/GitHub/99-cell-tracker-gnn-test/99-cell-tracker-gnn-v02-ubu2004/logs/runs/2025-10-09/12-59-18/csv/version_0/hparams.yaml
[2025-10-09 13:01:30,328][fsspec.local][DEBUG] - open file: C:/Users/jzhao16/Documents/GitHub/99-cell-tracker-gnn-test/99-cell-tracker-gnn-v02-ubu2004/logs/runs/2025-10-09/12-59-18/csv/version_0/hparams.yaml
[2025-10-09 13:01:30,409][fsspec.local][DEBUG] - open file: C:/Users/jzhao16/Documents/GitHub/99-cell-tracker-gnn-test/99-cell-tracker-gnn-v02-ubu2004/logs/runs/2025-10-09/12-59-18/checkpoints/last.ckpt
[2025-10-09 13:01:30,424][fsspec.local][DEBUG] - open file: C:/Users/jzhao16/Documents/GitHub/99-cell-tracker-gnn-test/99-cell-tracker-gnn-v02-ubu2004/logs/runs/2025-10-09/12-59-18/csv/version_0/hparams.yaml
[2025-10-09 13:01:32,479][fsspec.local][DEBUG] - open file: C:/Users/jzhao16/Documents/GitHub/99-cell-tracker-gnn-test/99-cell-tracker-gnn-v02-ubu2004/logs/runs/2025-10-09/12-59-18/csv/version_0/hparams.yaml
[2025-10-09 13:01:32,555][fsspec.local][DEBUG] - open file: C:/Users/jzhao16/Documents/GitHub/99-cell-tracker-gnn-test/99-cell-tracker-gnn-v02-ubu2004/logs/runs/2025-10-09/12-59-18/checkpoints/epoch=56.ckpt
[2025-10-09 13:01:32,593][fsspec.local][DEBUG] - open file: C:/Users/jzhao16/Documents/GitHub/99-cell-tracker-gnn-test/99-cell-tracker-gnn-v02-ubu2004/logs/runs/2025-10-09/12-59-18/checkpoints/last.ckpt
[2025-10-09 13:01:32,610][fsspec.local][DEBUG] - open file: C:/Users/jzhao16/Documents/GitHub/99-cell-tracker-gnn-test/99-cell-tracker-gnn-v02-ubu2004/logs/runs/2025-10-09/12-59-18/csv/version_0/hparams.yaml
[2025-10-09 13:01:34,759][fsspec.local][DEBUG] - open file: C:/Users/jzhao16/Documents/GitHub/99-cell-tracker-gnn-test/99-cell-tracker-gnn-v02-ubu2004/logs/runs/2025-10-09/12-59-18/csv/version_0/hparams.yaml
[2025-10-09 13:01:34,833][fsspec.local][DEBUG] - open file: C:/Users/jzhao16/Documents/GitHub/99-cell-tracker-gnn-test/99-cell-tracker-gnn-v02-ubu2004/logs/runs/2025-10-09/12-59-18/checkpoints/epoch=57.ckpt
[2025-10-09 13:01:34,872][fsspec.local][DEBUG] - open file: C:/Users/jzhao16/Documents/GitHub/99-cell-tracker-gnn-test/99-cell-tracker-gnn-v02-ubu2004/logs/runs/2025-10-09/12-59-18/checkpoints/last.ckpt
[2025-10-09 13:01:34,893][fsspec.local][DEBUG] - open file: C:/Users/jzhao16/Documents/GitHub/99-cell-tracker-gnn-test/99-cell-tracker-gnn-v02-ubu2004/logs/runs/2025-10-09/12-59-18/csv/version_0/hparams.yaml
[2025-10-09 13:01:37,006][fsspec.local][DEBUG] - open file: C:/Users/jzhao16/Documents/GitHub/99-cell-tracker-gnn-test/99-cell-tracker-gnn-v02-ubu2004/logs/runs/2025-10-09/12-59-18/csv/version_0/hparams.yaml
[2025-10-09 13:01:37,083][fsspec.local][DEBUG] - open file: C:/Users/jzhao16/Documents/GitHub/99-cell-tracker-gnn-test/99-cell-tracker-gnn-v02-ubu2004/logs/runs/2025-10-09/12-59-18/checkpoints/last.ckpt
[2025-10-09 13:01:37,097][fsspec.local][DEBUG] - open file: C:/Users/jzhao16/Documents/GitHub/99-cell-tracker-gnn-test/99-cell-tracker-gnn-v02-ubu2004/logs/runs/2025-10-09/12-59-18/csv/version_0/hparams.yaml
[2025-10-09 13:01:37,329][fsspec.local][DEBUG] - open file: C:/Users/jzhao16/Documents/GitHub/99-cell-tracker-gnn-test/99-cell-tracker-gnn-v02-ubu2004/logs/runs/2025-10-09/12-59-18/csv/version_0/hparams.yaml
[2025-10-09 13:01:39,214][fsspec.local][DEBUG] - open file: C:/Users/jzhao16/Documents/GitHub/99-cell-tracker-gnn-test/99-cell-tracker-gnn-v02-ubu2004/logs/runs/2025-10-09/12-59-18/csv/version_0/hparams.yaml
[2025-10-09 13:01:39,534][fsspec.local][DEBUG] - open file: C:/Users/jzhao16/Documents/GitHub/99-cell-tracker-gnn-test/99-cell-tracker-gnn-v02-ubu2004/logs/runs/2025-10-09/12-59-18/checkpoints/last.ckpt
[2025-10-09 13:01:39,548][fsspec.local][DEBUG] - open file: C:/Users/jzhao16/Documents/GitHub/99-cell-tracker-gnn-test/99-cell-tracker-gnn-v02-ubu2004/logs/runs/2025-10-09/12-59-18/csv/version_0/hparams.yaml
[2025-10-09 13:01:41,661][fsspec.local][DEBUG] - open file: C:/Users/jzhao16/Documents/GitHub/99-cell-tracker-gnn-test/99-cell-tracker-gnn-v02-ubu2004/logs/runs/2025-10-09/12-59-18/csv/version_0/hparams.yaml
[2025-10-09 13:01:41,738][fsspec.local][DEBUG] - open file: C:/Users/jzhao16/Documents/GitHub/99-cell-tracker-gnn-test/99-cell-tracker-gnn-v02-ubu2004/logs/runs/2025-10-09/12-59-18/checkpoints/last.ckpt
[2025-10-09 13:01:41,751][fsspec.local][DEBUG] - open file: C:/Users/jzhao16/Documents/GitHub/99-cell-tracker-gnn-test/99-cell-tracker-gnn-v02-ubu2004/logs/runs/2025-10-09/12-59-18/csv/version_0/hparams.yaml
[2025-10-09 13:01:44,347][fsspec.local][DEBUG] - open file: C:/Users/jzhao16/Documents/GitHub/99-cell-tracker-gnn-test/99-cell-tracker-gnn-v02-ubu2004/logs/runs/2025-10-09/12-59-18/csv/version_0/hparams.yaml
[2025-10-09 13:01:44,426][fsspec.local][DEBUG] - open file: C:/Users/jzhao16/Documents/GitHub/99-cell-tracker-gnn-test/99-cell-tracker-gnn-v02-ubu2004/logs/runs/2025-10-09/12-59-18/checkpoints/last.ckpt
[2025-10-09 13:01:44,440][fsspec.local][DEBUG] - open file: C:/Users/jzhao16/Documents/GitHub/99-cell-tracker-gnn-test/99-cell-tracker-gnn-v02-ubu2004/logs/runs/2025-10-09/12-59-18/csv/version_0/hparams.yaml
[2025-10-09 13:01:46,592][fsspec.local][DEBUG] - open file: C:/Users/jzhao16/Documents/GitHub/99-cell-tracker-gnn-test/99-cell-tracker-gnn-v02-ubu2004/logs/runs/2025-10-09/12-59-18/csv/version_0/hparams.yaml
[2025-10-09 13:01:46,674][fsspec.local][DEBUG] - open file: C:/Users/jzhao16/Documents/GitHub/99-cell-tracker-gnn-test/99-cell-tracker-gnn-v02-ubu2004/logs/runs/2025-10-09/12-59-18/checkpoints/last.ckpt
[2025-10-09 13:01:46,687][fsspec.local][DEBUG] - open file: C:/Users/jzhao16/Documents/GitHub/99-cell-tracker-gnn-test/99-cell-tracker-gnn-v02-ubu2004/logs/runs/2025-10-09/12-59-18/csv/version_0/hparams.yaml
[2025-10-09 13:01:48,014][fsspec.local][DEBUG] - open file: C:/Users/jzhao16/Documents/GitHub/99-cell-tracker-gnn-test/99-cell-tracker-gnn-v02-ubu2004/logs/runs/2025-10-09/12-59-18/csv/version_0/hparams.yaml
[2025-10-09 13:01:48,809][fsspec.local][DEBUG] - open file: C:/Users/jzhao16/Documents/GitHub/99-cell-tracker-gnn-test/99-cell-tracker-gnn-v02-ubu2004/logs/runs/2025-10-09/12-59-18/csv/version_0/hparams.yaml
[2025-10-09 13:01:48,892][fsspec.local][DEBUG] - open file: C:/Users/jzhao16/Documents/GitHub/99-cell-tracker-gnn-test/99-cell-tracker-gnn-v02-ubu2004/logs/runs/2025-10-09/12-59-18/checkpoints/last.ckpt
[2025-10-09 13:01:48,907][fsspec.local][DEBUG] - open file: C:/Users/jzhao16/Documents/GitHub/99-cell-tracker-gnn-test/99-cell-tracker-gnn-v02-ubu2004/logs/runs/2025-10-09/12-59-18/csv/version_0/hparams.yaml
[2025-10-09 13:01:50,969][fsspec.local][DEBUG] - open file: C:/Users/jzhao16/Documents/GitHub/99-cell-tracker-gnn-test/99-cell-tracker-gnn-v02-ubu2004/logs/runs/2025-10-09/12-59-18/csv/version_0/hparams.yaml
[2025-10-09 13:01:51,044][fsspec.local][DEBUG] - open file: C:/Users/jzhao16/Documents/GitHub/99-cell-tracker-gnn-test/99-cell-tracker-gnn-v02-ubu2004/logs/runs/2025-10-09/12-59-18/checkpoints/last.ckpt
[2025-10-09 13:01:51,059][fsspec.local][DEBUG] - open file: C:/Users/jzhao16/Documents/GitHub/99-cell-tracker-gnn-test/99-cell-tracker-gnn-v02-ubu2004/logs/runs/2025-10-09/12-59-18/csv/version_0/hparams.yaml
[2025-10-09 13:01:53,119][fsspec.local][DEBUG] - open file: C:/Users/jzhao16/Documents/GitHub/99-cell-tracker-gnn-test/99-cell-tracker-gnn-v02-ubu2004/logs/runs/2025-10-09/12-59-18/csv/version_0/hparams.yaml
[2025-10-09 13:01:53,215][fsspec.local][DEBUG] - open file: C:/Users/jzhao16/Documents/GitHub/99-cell-tracker-gnn-test/99-cell-tracker-gnn-v02-ubu2004/logs/runs/2025-10-09/12-59-18/checkpoints/last.ckpt
[2025-10-09 13:01:53,229][fsspec.local][DEBUG] - open file: C:/Users/jzhao16/Documents/GitHub/99-cell-tracker-gnn-test/99-cell-tracker-gnn-v02-ubu2004/logs/runs/2025-10-09/12-59-18/csv/version_0/hparams.yaml
[2025-10-09 13:01:55,338][fsspec.local][DEBUG] - open file: C:/Users/jzhao16/Documents/GitHub/99-cell-tracker-gnn-test/99-cell-tracker-gnn-v02-ubu2004/logs/runs/2025-10-09/12-59-18/csv/version_0/hparams.yaml
[2025-10-09 13:01:55,421][fsspec.local][DEBUG] - open file: C:/Users/jzhao16/Documents/GitHub/99-cell-tracker-gnn-test/99-cell-tracker-gnn-v02-ubu2004/logs/runs/2025-10-09/12-59-18/checkpoints/last.ckpt
[2025-10-09 13:01:55,435][fsspec.local][DEBUG] - open file: C:/Users/jzhao16/Documents/GitHub/99-cell-tracker-gnn-test/99-cell-tracker-gnn-v02-ubu2004/logs/runs/2025-10-09/12-59-18/csv/version_0/hparams.yaml
[2025-10-09 13:01:57,444][fsspec.local][DEBUG] - open file: C:/Users/jzhao16/Documents/GitHub/99-cell-tracker-gnn-test/99-cell-tracker-gnn-v02-ubu2004/logs/runs/2025-10-09/12-59-18/csv/version_0/hparams.yaml
[2025-10-09 13:01:57,522][fsspec.local][DEBUG] - open file: C:/Users/jzhao16/Documents/GitHub/99-cell-tracker-gnn-test/99-cell-tracker-gnn-v02-ubu2004/logs/runs/2025-10-09/12-59-18/checkpoints/last.ckpt
[2025-10-09 13:01:57,535][fsspec.local][DEBUG] - open file: C:/Users/jzhao16/Documents/GitHub/99-cell-tracker-gnn-test/99-cell-tracker-gnn-v02-ubu2004/logs/runs/2025-10-09/12-59-18/csv/version_0/hparams.yaml
[2025-10-09 13:01:57,946][fsspec.local][DEBUG] - open file: C:/Users/jzhao16/Documents/GitHub/99-cell-tracker-gnn-test/99-cell-tracker-gnn-v02-ubu2004/logs/runs/2025-10-09/12-59-18/csv/version_0/hparams.yaml
[2025-10-09 13:01:59,848][fsspec.local][DEBUG] - open file: C:/Users/jzhao16/Documents/GitHub/99-cell-tracker-gnn-test/99-cell-tracker-gnn-v02-ubu2004/logs/runs/2025-10-09/12-59-18/csv/version_0/hparams.yaml
[2025-10-09 13:01:59,931][fsspec.local][DEBUG] - open file: C:/Users/jzhao16/Documents/GitHub/99-cell-tracker-gnn-test/99-cell-tracker-gnn-v02-ubu2004/logs/runs/2025-10-09/12-59-18/checkpoints/last.ckpt
[2025-10-09 13:01:59,946][fsspec.local][DEBUG] - open file: C:/Users/jzhao16/Documents/GitHub/99-cell-tracker-gnn-test/99-cell-tracker-gnn-v02-ubu2004/logs/runs/2025-10-09/12-59-18/csv/version_0/hparams.yaml
[2025-10-09 13:02:02,082][fsspec.local][DEBUG] - open file: C:/Users/jzhao16/Documents/GitHub/99-cell-tracker-gnn-test/99-cell-tracker-gnn-v02-ubu2004/logs/runs/2025-10-09/12-59-18/csv/version_0/hparams.yaml
[2025-10-09 13:02:02,160][fsspec.local][DEBUG] - open file: C:/Users/jzhao16/Documents/GitHub/99-cell-tracker-gnn-test/99-cell-tracker-gnn-v02-ubu2004/logs/runs/2025-10-09/12-59-18/checkpoints/last.ckpt
[2025-10-09 13:02:02,174][fsspec.local][DEBUG] - open file: C:/Users/jzhao16/Documents/GitHub/99-cell-tracker-gnn-test/99-cell-tracker-gnn-v02-ubu2004/logs/runs/2025-10-09/12-59-18/csv/version_0/hparams.yaml
[2025-10-09 13:02:04,140][fsspec.local][DEBUG] - open file: C:/Users/jzhao16/Documents/GitHub/99-cell-tracker-gnn-test/99-cell-tracker-gnn-v02-ubu2004/logs/runs/2025-10-09/12-59-18/csv/version_0/hparams.yaml
[2025-10-09 13:02:04,220][fsspec.local][DEBUG] - open file: C:/Users/jzhao16/Documents/GitHub/99-cell-tracker-gnn-test/99-cell-tracker-gnn-v02-ubu2004/logs/runs/2025-10-09/12-59-18/checkpoints/last.ckpt
[2025-10-09 13:02:04,233][fsspec.local][DEBUG] - open file: C:/Users/jzhao16/Documents/GitHub/99-cell-tracker-gnn-test/99-cell-tracker-gnn-v02-ubu2004/logs/runs/2025-10-09/12-59-18/csv/version_0/hparams.yaml
[2025-10-09 13:02:06,427][fsspec.local][DEBUG] - open file: C:/Users/jzhao16/Documents/GitHub/99-cell-tracker-gnn-test/99-cell-tracker-gnn-v02-ubu2004/logs/runs/2025-10-09/12-59-18/csv/version_0/hparams.yaml
[2025-10-09 13:02:06,507][fsspec.local][DEBUG] - open file: C:/Users/jzhao16/Documents/GitHub/99-cell-tracker-gnn-test/99-cell-tracker-gnn-v02-ubu2004/logs/runs/2025-10-09/12-59-18/checkpoints/last.ckpt
[2025-10-09 13:02:06,520][fsspec.local][DEBUG] - open file: C:/Users/jzhao16/Documents/GitHub/99-cell-tracker-gnn-test/99-cell-tracker-gnn-v02-ubu2004/logs/runs/2025-10-09/12-59-18/csv/version_0/hparams.yaml
[2025-10-09 13:02:07,992][fsspec.local][DEBUG] - open file: C:/Users/jzhao16/Documents/GitHub/99-cell-tracker-gnn-test/99-cell-tracker-gnn-v02-ubu2004/logs/runs/2025-10-09/12-59-18/csv/version_0/hparams.yaml
[2025-10-09 13:02:08,602][fsspec.local][DEBUG] - open file: C:/Users/jzhao16/Documents/GitHub/99-cell-tracker-gnn-test/99-cell-tracker-gnn-v02-ubu2004/logs/runs/2025-10-09/12-59-18/csv/version_0/hparams.yaml
[2025-10-09 13:02:08,688][fsspec.local][DEBUG] - open file: C:/Users/jzhao16/Documents/GitHub/99-cell-tracker-gnn-test/99-cell-tracker-gnn-v02-ubu2004/logs/runs/2025-10-09/12-59-18/checkpoints/last.ckpt
[2025-10-09 13:02:08,701][fsspec.local][DEBUG] - open file: C:/Users/jzhao16/Documents/GitHub/99-cell-tracker-gnn-test/99-cell-tracker-gnn-v02-ubu2004/logs/runs/2025-10-09/12-59-18/csv/version_0/hparams.yaml
[2025-10-09 13:02:10,741][fsspec.local][DEBUG] - open file: C:/Users/jzhao16/Documents/GitHub/99-cell-tracker-gnn-test/99-cell-tracker-gnn-v02-ubu2004/logs/runs/2025-10-09/12-59-18/csv/version_0/hparams.yaml
[2025-10-09 13:02:10,823][fsspec.local][DEBUG] - open file: C:/Users/jzhao16/Documents/GitHub/99-cell-tracker-gnn-test/99-cell-tracker-gnn-v02-ubu2004/logs/runs/2025-10-09/12-59-18/checkpoints/last.ckpt
[2025-10-09 13:02:10,836][fsspec.local][DEBUG] - open file: C:/Users/jzhao16/Documents/GitHub/99-cell-tracker-gnn-test/99-cell-tracker-gnn-v02-ubu2004/logs/runs/2025-10-09/12-59-18/csv/version_0/hparams.yaml
[2025-10-09 13:02:12,875][fsspec.local][DEBUG] - open file: C:/Users/jzhao16/Documents/GitHub/99-cell-tracker-gnn-test/99-cell-tracker-gnn-v02-ubu2004/logs/runs/2025-10-09/12-59-18/csv/version_0/hparams.yaml
[2025-10-09 13:02:12,957][fsspec.local][DEBUG] - open file: C:/Users/jzhao16/Documents/GitHub/99-cell-tracker-gnn-test/99-cell-tracker-gnn-v02-ubu2004/logs/runs/2025-10-09/12-59-18/checkpoints/last.ckpt
[2025-10-09 13:02:12,970][fsspec.local][DEBUG] - open file: C:/Users/jzhao16/Documents/GitHub/99-cell-tracker-gnn-test/99-cell-tracker-gnn-v02-ubu2004/logs/runs/2025-10-09/12-59-18/csv/version_0/hparams.yaml
[2025-10-09 13:02:15,169][fsspec.local][DEBUG] - open file: C:/Users/jzhao16/Documents/GitHub/99-cell-tracker-gnn-test/99-cell-tracker-gnn-v02-ubu2004/logs/runs/2025-10-09/12-59-18/csv/version_0/hparams.yaml
[2025-10-09 13:02:15,252][fsspec.local][DEBUG] - open file: C:/Users/jzhao16/Documents/GitHub/99-cell-tracker-gnn-test/99-cell-tracker-gnn-v02-ubu2004/logs/runs/2025-10-09/12-59-18/checkpoints/last.ckpt
[2025-10-09 13:02:15,265][fsspec.local][DEBUG] - open file: C:/Users/jzhao16/Documents/GitHub/99-cell-tracker-gnn-test/99-cell-tracker-gnn-v02-ubu2004/logs/runs/2025-10-09/12-59-18/csv/version_0/hparams.yaml
[2025-10-09 13:02:17,311][fsspec.local][DEBUG] - open file: C:/Users/jzhao16/Documents/GitHub/99-cell-tracker-gnn-test/99-cell-tracker-gnn-v02-ubu2004/logs/runs/2025-10-09/12-59-18/csv/version_0/hparams.yaml
[2025-10-09 13:02:17,395][fsspec.local][DEBUG] - open file: C:/Users/jzhao16/Documents/GitHub/99-cell-tracker-gnn-test/99-cell-tracker-gnn-v02-ubu2004/logs/runs/2025-10-09/12-59-18/checkpoints/last.ckpt
[2025-10-09 13:02:17,409][fsspec.local][DEBUG] - open file: C:/Users/jzhao16/Documents/GitHub/99-cell-tracker-gnn-test/99-cell-tracker-gnn-v02-ubu2004/logs/runs/2025-10-09/12-59-18/csv/version_0/hparams.yaml
[2025-10-09 13:02:18,025][fsspec.local][DEBUG] - open file: C:/Users/jzhao16/Documents/GitHub/99-cell-tracker-gnn-test/99-cell-tracker-gnn-v02-ubu2004/logs/runs/2025-10-09/12-59-18/csv/version_0/hparams.yaml
[2025-10-09 13:02:19,422][fsspec.local][DEBUG] - open file: C:/Users/jzhao16/Documents/GitHub/99-cell-tracker-gnn-test/99-cell-tracker-gnn-v02-ubu2004/logs/runs/2025-10-09/12-59-18/csv/version_0/hparams.yaml
[2025-10-09 13:02:19,506][fsspec.local][DEBUG] - open file: C:/Users/jzhao16/Documents/GitHub/99-cell-tracker-gnn-test/99-cell-tracker-gnn-v02-ubu2004/logs/runs/2025-10-09/12-59-18/checkpoints/last.ckpt
[2025-10-09 13:02:19,520][fsspec.local][DEBUG] - open file: C:/Users/jzhao16/Documents/GitHub/99-cell-tracker-gnn-test/99-cell-tracker-gnn-v02-ubu2004/logs/runs/2025-10-09/12-59-18/csv/version_0/hparams.yaml
[2025-10-09 13:02:21,504][fsspec.local][DEBUG] - open file: C:/Users/jzhao16/Documents/GitHub/99-cell-tracker-gnn-test/99-cell-tracker-gnn-v02-ubu2004/logs/runs/2025-10-09/12-59-18/csv/version_0/hparams.yaml
[2025-10-09 13:02:21,586][fsspec.local][DEBUG] - open file: C:/Users/jzhao16/Documents/GitHub/99-cell-tracker-gnn-test/99-cell-tracker-gnn-v02-ubu2004/logs/runs/2025-10-09/12-59-18/checkpoints/last.ckpt
[2025-10-09 13:02:21,599][fsspec.local][DEBUG] - open file: C:/Users/jzhao16/Documents/GitHub/99-cell-tracker-gnn-test/99-cell-tracker-gnn-v02-ubu2004/logs/runs/2025-10-09/12-59-18/csv/version_0/hparams.yaml
[2025-10-09 13:02:23,595][fsspec.local][DEBUG] - open file: C:/Users/jzhao16/Documents/GitHub/99-cell-tracker-gnn-test/99-cell-tracker-gnn-v02-ubu2004/logs/runs/2025-10-09/12-59-18/csv/version_0/hparams.yaml
[2025-10-09 13:02:23,673][fsspec.local][DEBUG] - open file: C:/Users/jzhao16/Documents/GitHub/99-cell-tracker-gnn-test/99-cell-tracker-gnn-v02-ubu2004/logs/runs/2025-10-09/12-59-18/checkpoints/last.ckpt
[2025-10-09 13:02:23,687][fsspec.local][DEBUG] - open file: C:/Users/jzhao16/Documents/GitHub/99-cell-tracker-gnn-test/99-cell-tracker-gnn-v02-ubu2004/logs/runs/2025-10-09/12-59-18/csv/version_0/hparams.yaml
[2025-10-09 13:02:25,676][fsspec.local][DEBUG] - open file: C:/Users/jzhao16/Documents/GitHub/99-cell-tracker-gnn-test/99-cell-tracker-gnn-v02-ubu2004/logs/runs/2025-10-09/12-59-18/csv/version_0/hparams.yaml
[2025-10-09 13:02:25,751][fsspec.local][DEBUG] - open file: C:/Users/jzhao16/Documents/GitHub/99-cell-tracker-gnn-test/99-cell-tracker-gnn-v02-ubu2004/logs/runs/2025-10-09/12-59-18/checkpoints/last.ckpt
[2025-10-09 13:02:25,823][fsspec.local][DEBUG] - open file: C:/Users/jzhao16/Documents/GitHub/99-cell-tracker-gnn-test/99-cell-tracker-gnn-v02-ubu2004/logs/runs/2025-10-09/12-59-18/csv/version_0/hparams.yaml
[2025-10-09 13:02:27,426][fsspec.local][DEBUG] - open file: C:/Users/jzhao16/Documents/GitHub/99-cell-tracker-gnn-test/99-cell-tracker-gnn-v02-ubu2004/logs/runs/2025-10-09/12-59-18/csv/version_0/hparams.yaml
[2025-10-09 13:02:27,887][fsspec.local][DEBUG] - open file: C:/Users/jzhao16/Documents/GitHub/99-cell-tracker-gnn-test/99-cell-tracker-gnn-v02-ubu2004/logs/runs/2025-10-09/12-59-18/csv/version_0/hparams.yaml
[2025-10-09 13:02:27,970][fsspec.local][DEBUG] - open file: C:/Users/jzhao16/Documents/GitHub/99-cell-tracker-gnn-test/99-cell-tracker-gnn-v02-ubu2004/logs/runs/2025-10-09/12-59-18/checkpoints/last.ckpt
[2025-10-09 13:02:27,982][fsspec.local][DEBUG] - open file: C:/Users/jzhao16/Documents/GitHub/99-cell-tracker-gnn-test/99-cell-tracker-gnn-v02-ubu2004/logs/runs/2025-10-09/12-59-18/csv/version_0/hparams.yaml
[2025-10-09 13:02:30,458][fsspec.local][DEBUG] - open file: C:/Users/jzhao16/Documents/GitHub/99-cell-tracker-gnn-test/99-cell-tracker-gnn-v02-ubu2004/logs/runs/2025-10-09/12-59-18/csv/version_0/hparams.yaml
[2025-10-09 13:02:30,538][fsspec.local][DEBUG] - open file: C:/Users/jzhao16/Documents/GitHub/99-cell-tracker-gnn-test/99-cell-tracker-gnn-v02-ubu2004/logs/runs/2025-10-09/12-59-18/checkpoints/last.ckpt
[2025-10-09 13:02:30,552][fsspec.local][DEBUG] - open file: C:/Users/jzhao16/Documents/GitHub/99-cell-tracker-gnn-test/99-cell-tracker-gnn-v02-ubu2004/logs/runs/2025-10-09/12-59-18/csv/version_0/hparams.yaml
[2025-10-09 13:02:32,575][fsspec.local][DEBUG] - open file: C:/Users/jzhao16/Documents/GitHub/99-cell-tracker-gnn-test/99-cell-tracker-gnn-v02-ubu2004/logs/runs/2025-10-09/12-59-18/csv/version_0/hparams.yaml
[2025-10-09 13:02:32,655][fsspec.local][DEBUG] - open file: C:/Users/jzhao16/Documents/GitHub/99-cell-tracker-gnn-test/99-cell-tracker-gnn-v02-ubu2004/logs/runs/2025-10-09/12-59-18/checkpoints/last.ckpt
[2025-10-09 13:02:32,668][fsspec.local][DEBUG] - open file: C:/Users/jzhao16/Documents/GitHub/99-cell-tracker-gnn-test/99-cell-tracker-gnn-v02-ubu2004/logs/runs/2025-10-09/12-59-18/csv/version_0/hparams.yaml
[2025-10-09 13:02:34,649][fsspec.local][DEBUG] - open file: C:/Users/jzhao16/Documents/GitHub/99-cell-tracker-gnn-test/99-cell-tracker-gnn-v02-ubu2004/logs/runs/2025-10-09/12-59-18/csv/version_0/hparams.yaml
[2025-10-09 13:02:34,731][fsspec.local][DEBUG] - open file: C:/Users/jzhao16/Documents/GitHub/99-cell-tracker-gnn-test/99-cell-tracker-gnn-v02-ubu2004/logs/runs/2025-10-09/12-59-18/checkpoints/last.ckpt
[2025-10-09 13:02:34,744][fsspec.local][DEBUG] - open file: C:/Users/jzhao16/Documents/GitHub/99-cell-tracker-gnn-test/99-cell-tracker-gnn-v02-ubu2004/logs/runs/2025-10-09/12-59-18/csv/version_0/hparams.yaml
[2025-10-09 13:02:36,745][fsspec.local][DEBUG] - open file: C:/Users/jzhao16/Documents/GitHub/99-cell-tracker-gnn-test/99-cell-tracker-gnn-v02-ubu2004/logs/runs/2025-10-09/12-59-18/csv/version_0/hparams.yaml
[2025-10-09 13:02:36,941][fsspec.local][DEBUG] - open file: C:/Users/jzhao16/Documents/GitHub/99-cell-tracker-gnn-test/99-cell-tracker-gnn-v02-ubu2004/logs/runs/2025-10-09/12-59-18/checkpoints/last.ckpt
[2025-10-09 13:02:36,954][fsspec.local][DEBUG] - open file: C:/Users/jzhao16/Documents/GitHub/99-cell-tracker-gnn-test/99-cell-tracker-gnn-v02-ubu2004/logs/runs/2025-10-09/12-59-18/csv/version_0/hparams.yaml
[2025-10-09 13:02:37,717][fsspec.local][DEBUG] - open file: C:/Users/jzhao16/Documents/GitHub/99-cell-tracker-gnn-test/99-cell-tracker-gnn-v02-ubu2004/logs/runs/2025-10-09/12-59-18/csv/version_0/hparams.yaml
[2025-10-09 13:02:38,982][fsspec.local][DEBUG] - open file: C:/Users/jzhao16/Documents/GitHub/99-cell-tracker-gnn-test/99-cell-tracker-gnn-v02-ubu2004/logs/runs/2025-10-09/12-59-18/csv/version_0/hparams.yaml
[2025-10-09 13:02:39,066][fsspec.local][DEBUG] - open file: C:/Users/jzhao16/Documents/GitHub/99-cell-tracker-gnn-test/99-cell-tracker-gnn-v02-ubu2004/logs/runs/2025-10-09/12-59-18/checkpoints/last.ckpt
[2025-10-09 13:02:39,080][fsspec.local][DEBUG] - open file: C:/Users/jzhao16/Documents/GitHub/99-cell-tracker-gnn-test/99-cell-tracker-gnn-v02-ubu2004/logs/runs/2025-10-09/12-59-18/csv/version_0/hparams.yaml
[2025-10-09 13:02:41,202][fsspec.local][DEBUG] - open file: C:/Users/jzhao16/Documents/GitHub/99-cell-tracker-gnn-test/99-cell-tracker-gnn-v02-ubu2004/logs/runs/2025-10-09/12-59-18/csv/version_0/hparams.yaml
[2025-10-09 13:02:41,284][fsspec.local][DEBUG] - open file: C:/Users/jzhao16/Documents/GitHub/99-cell-tracker-gnn-test/99-cell-tracker-gnn-v02-ubu2004/logs/runs/2025-10-09/12-59-18/checkpoints/last.ckpt
[2025-10-09 13:02:41,297][fsspec.local][DEBUG] - open file: C:/Users/jzhao16/Documents/GitHub/99-cell-tracker-gnn-test/99-cell-tracker-gnn-v02-ubu2004/logs/runs/2025-10-09/12-59-18/csv/version_0/hparams.yaml
[2025-10-09 13:02:43,467][fsspec.local][DEBUG] - open file: C:/Users/jzhao16/Documents/GitHub/99-cell-tracker-gnn-test/99-cell-tracker-gnn-v02-ubu2004/logs/runs/2025-10-09/12-59-18/csv/version_0/hparams.yaml
[2025-10-09 13:02:43,570][fsspec.local][DEBUG] - open file: C:/Users/jzhao16/Documents/GitHub/99-cell-tracker-gnn-test/99-cell-tracker-gnn-v02-ubu2004/logs/runs/2025-10-09/12-59-18/checkpoints/last.ckpt
[2025-10-09 13:02:43,591][fsspec.local][DEBUG] - open file: C:/Users/jzhao16/Documents/GitHub/99-cell-tracker-gnn-test/99-cell-tracker-gnn-v02-ubu2004/logs/runs/2025-10-09/12-59-18/csv/version_0/hparams.yaml
[2025-10-09 13:02:45,726][fsspec.local][DEBUG] - open file: C:/Users/jzhao16/Documents/GitHub/99-cell-tracker-gnn-test/99-cell-tracker-gnn-v02-ubu2004/logs/runs/2025-10-09/12-59-18/csv/version_0/hparams.yaml
[2025-10-09 13:02:45,822][fsspec.local][DEBUG] - open file: C:/Users/jzhao16/Documents/GitHub/99-cell-tracker-gnn-test/99-cell-tracker-gnn-v02-ubu2004/logs/runs/2025-10-09/12-59-18/checkpoints/last.ckpt
[2025-10-09 13:02:45,838][fsspec.local][DEBUG] - open file: C:/Users/jzhao16/Documents/GitHub/99-cell-tracker-gnn-test/99-cell-tracker-gnn-v02-ubu2004/logs/runs/2025-10-09/12-59-18/csv/version_0/hparams.yaml
[2025-10-09 13:02:47,864][fsspec.local][DEBUG] - open file: C:/Users/jzhao16/Documents/GitHub/99-cell-tracker-gnn-test/99-cell-tracker-gnn-v02-ubu2004/logs/runs/2025-10-09/12-59-18/csv/version_0/hparams.yaml
[2025-10-09 13:02:48,184][fsspec.local][DEBUG] - open file: C:/Users/jzhao16/Documents/GitHub/99-cell-tracker-gnn-test/99-cell-tracker-gnn-v02-ubu2004/logs/runs/2025-10-09/12-59-18/csv/version_0/hparams.yaml
[2025-10-09 13:02:48,271][fsspec.local][DEBUG] - open file: C:/Users/jzhao16/Documents/GitHub/99-cell-tracker-gnn-test/99-cell-tracker-gnn-v02-ubu2004/logs/runs/2025-10-09/12-59-18/checkpoints/last.ckpt
[2025-10-09 13:02:48,284][fsspec.local][DEBUG] - open file: C:/Users/jzhao16/Documents/GitHub/99-cell-tracker-gnn-test/99-cell-tracker-gnn-v02-ubu2004/logs/runs/2025-10-09/12-59-18/csv/version_0/hparams.yaml
[2025-10-09 13:02:50,497][fsspec.local][DEBUG] - open file: C:/Users/jzhao16/Documents/GitHub/99-cell-tracker-gnn-test/99-cell-tracker-gnn-v02-ubu2004/logs/runs/2025-10-09/12-59-18/csv/version_0/hparams.yaml
[2025-10-09 13:02:50,585][fsspec.local][DEBUG] - open file: C:/Users/jzhao16/Documents/GitHub/99-cell-tracker-gnn-test/99-cell-tracker-gnn-v02-ubu2004/logs/runs/2025-10-09/12-59-18/checkpoints/last.ckpt
[2025-10-09 13:02:50,602][fsspec.local][DEBUG] - open file: C:/Users/jzhao16/Documents/GitHub/99-cell-tracker-gnn-test/99-cell-tracker-gnn-v02-ubu2004/logs/runs/2025-10-09/12-59-18/csv/version_0/hparams.yaml
[2025-10-09 13:02:52,591][fsspec.local][DEBUG] - open file: C:/Users/jzhao16/Documents/GitHub/99-cell-tracker-gnn-test/99-cell-tracker-gnn-v02-ubu2004/logs/runs/2025-10-09/12-59-18/csv/version_0/hparams.yaml
[2025-10-09 13:02:52,681][fsspec.local][DEBUG] - open file: C:/Users/jzhao16/Documents/GitHub/99-cell-tracker-gnn-test/99-cell-tracker-gnn-v02-ubu2004/logs/runs/2025-10-09/12-59-18/checkpoints/last.ckpt
[2025-10-09 13:02:52,694][fsspec.local][DEBUG] - open file: C:/Users/jzhao16/Documents/GitHub/99-cell-tracker-gnn-test/99-cell-tracker-gnn-v02-ubu2004/logs/runs/2025-10-09/12-59-18/csv/version_0/hparams.yaml
[2025-10-09 13:02:54,714][fsspec.local][DEBUG] - open file: C:/Users/jzhao16/Documents/GitHub/99-cell-tracker-gnn-test/99-cell-tracker-gnn-v02-ubu2004/logs/runs/2025-10-09/12-59-18/csv/version_0/hparams.yaml
[2025-10-09 13:02:54,805][fsspec.local][DEBUG] - open file: C:/Users/jzhao16/Documents/GitHub/99-cell-tracker-gnn-test/99-cell-tracker-gnn-v02-ubu2004/logs/runs/2025-10-09/12-59-18/checkpoints/last.ckpt
[2025-10-09 13:02:54,820][fsspec.local][DEBUG] - open file: C:/Users/jzhao16/Documents/GitHub/99-cell-tracker-gnn-test/99-cell-tracker-gnn-v02-ubu2004/logs/runs/2025-10-09/12-59-18/csv/version_0/hparams.yaml
[2025-10-09 13:02:57,030][fsspec.local][DEBUG] - open file: C:/Users/jzhao16/Documents/GitHub/99-cell-tracker-gnn-test/99-cell-tracker-gnn-v02-ubu2004/logs/runs/2025-10-09/12-59-18/csv/version_0/hparams.yaml
[2025-10-09 13:02:57,112][fsspec.local][DEBUG] - open file: C:/Users/jzhao16/Documents/GitHub/99-cell-tracker-gnn-test/99-cell-tracker-gnn-v02-ubu2004/logs/runs/2025-10-09/12-59-18/checkpoints/last.ckpt
[2025-10-09 13:02:57,125][fsspec.local][DEBUG] - open file: C:/Users/jzhao16/Documents/GitHub/99-cell-tracker-gnn-test/99-cell-tracker-gnn-v02-ubu2004/logs/runs/2025-10-09/12-59-18/csv/version_0/hparams.yaml
[2025-10-09 13:02:58,077][fsspec.local][DEBUG] - open file: C:/Users/jzhao16/Documents/GitHub/99-cell-tracker-gnn-test/99-cell-tracker-gnn-v02-ubu2004/logs/runs/2025-10-09/12-59-18/csv/version_0/hparams.yaml
[2025-10-09 13:02:59,436][fsspec.local][DEBUG] - open file: C:/Users/jzhao16/Documents/GitHub/99-cell-tracker-gnn-test/99-cell-tracker-gnn-v02-ubu2004/logs/runs/2025-10-09/12-59-18/csv/version_0/hparams.yaml
[2025-10-09 13:02:59,524][fsspec.local][DEBUG] - open file: C:/Users/jzhao16/Documents/GitHub/99-cell-tracker-gnn-test/99-cell-tracker-gnn-v02-ubu2004/logs/runs/2025-10-09/12-59-18/checkpoints/last.ckpt
[2025-10-09 13:02:59,539][fsspec.local][DEBUG] - open file: C:/Users/jzhao16/Documents/GitHub/99-cell-tracker-gnn-test/99-cell-tracker-gnn-v02-ubu2004/logs/runs/2025-10-09/12-59-18/csv/version_0/hparams.yaml
[2025-10-09 13:03:01,637][fsspec.local][DEBUG] - open file: C:/Users/jzhao16/Documents/GitHub/99-cell-tracker-gnn-test/99-cell-tracker-gnn-v02-ubu2004/logs/runs/2025-10-09/12-59-18/csv/version_0/hparams.yaml
[2025-10-09 13:03:01,722][fsspec.local][DEBUG] - open file: C:/Users/jzhao16/Documents/GitHub/99-cell-tracker-gnn-test/99-cell-tracker-gnn-v02-ubu2004/logs/runs/2025-10-09/12-59-18/checkpoints/last.ckpt
[2025-10-09 13:03:01,737][fsspec.local][DEBUG] - open file: C:/Users/jzhao16/Documents/GitHub/99-cell-tracker-gnn-test/99-cell-tracker-gnn-v02-ubu2004/logs/runs/2025-10-09/12-59-18/csv/version_0/hparams.yaml
[2025-10-09 13:03:03,813][fsspec.local][DEBUG] - open file: C:/Users/jzhao16/Documents/GitHub/99-cell-tracker-gnn-test/99-cell-tracker-gnn-v02-ubu2004/logs/runs/2025-10-09/12-59-18/csv/version_0/hparams.yaml
[2025-10-09 13:03:03,898][fsspec.local][DEBUG] - open file: C:/Users/jzhao16/Documents/GitHub/99-cell-tracker-gnn-test/99-cell-tracker-gnn-v02-ubu2004/logs/runs/2025-10-09/12-59-18/checkpoints/last.ckpt
[2025-10-09 13:03:03,911][fsspec.local][DEBUG] - open file: C:/Users/jzhao16/Documents/GitHub/99-cell-tracker-gnn-test/99-cell-tracker-gnn-v02-ubu2004/logs/runs/2025-10-09/12-59-18/csv/version_0/hparams.yaml
[2025-10-09 13:03:06,648][fsspec.local][DEBUG] - open file: C:/Users/jzhao16/Documents/GitHub/99-cell-tracker-gnn-test/99-cell-tracker-gnn-v02-ubu2004/logs/runs/2025-10-09/12-59-18/csv/version_0/hparams.yaml
[2025-10-09 13:03:06,761][fsspec.local][DEBUG] - open file: C:/Users/jzhao16/Documents/GitHub/99-cell-tracker-gnn-test/99-cell-tracker-gnn-v02-ubu2004/logs/runs/2025-10-09/12-59-18/checkpoints/last.ckpt
[2025-10-09 13:03:06,780][fsspec.local][DEBUG] - open file: C:/Users/jzhao16/Documents/GitHub/99-cell-tracker-gnn-test/99-cell-tracker-gnn-v02-ubu2004/logs/runs/2025-10-09/12-59-18/csv/version_0/hparams.yaml
[2025-10-09 13:03:09,433][fsspec.local][DEBUG] - open file: C:/Users/jzhao16/Documents/GitHub/99-cell-tracker-gnn-test/99-cell-tracker-gnn-v02-ubu2004/logs/runs/2025-10-09/12-59-18/csv/version_0/hparams.yaml
[2025-10-09 13:03:09,479][fsspec.local][DEBUG] - open file: C:/Users/jzhao16/Documents/GitHub/99-cell-tracker-gnn-test/99-cell-tracker-gnn-v02-ubu2004/logs/runs/2025-10-09/12-59-18/csv/version_0/hparams.yaml
[2025-10-09 13:03:09,597][fsspec.local][DEBUG] - open file: C:/Users/jzhao16/Documents/GitHub/99-cell-tracker-gnn-test/99-cell-tracker-gnn-v02-ubu2004/logs/runs/2025-10-09/12-59-18/checkpoints/last.ckpt
[2025-10-09 13:03:09,615][fsspec.local][DEBUG] - open file: C:/Users/jzhao16/Documents/GitHub/99-cell-tracker-gnn-test/99-cell-tracker-gnn-v02-ubu2004/logs/runs/2025-10-09/12-59-18/csv/version_0/hparams.yaml
[2025-10-09 13:03:12,428][fsspec.local][DEBUG] - open file: C:/Users/jzhao16/Documents/GitHub/99-cell-tracker-gnn-test/99-cell-tracker-gnn-v02-ubu2004/logs/runs/2025-10-09/12-59-18/csv/version_0/hparams.yaml
[2025-10-09 13:03:12,550][fsspec.local][DEBUG] - open file: C:/Users/jzhao16/Documents/GitHub/99-cell-tracker-gnn-test/99-cell-tracker-gnn-v02-ubu2004/logs/runs/2025-10-09/12-59-18/checkpoints/last.ckpt
[2025-10-09 13:03:12,569][fsspec.local][DEBUG] - open file: C:/Users/jzhao16/Documents/GitHub/99-cell-tracker-gnn-test/99-cell-tracker-gnn-v02-ubu2004/logs/runs/2025-10-09/12-59-18/csv/version_0/hparams.yaml
[2025-10-09 13:03:15,504][fsspec.local][DEBUG] - open file: C:/Users/jzhao16/Documents/GitHub/99-cell-tracker-gnn-test/99-cell-tracker-gnn-v02-ubu2004/logs/runs/2025-10-09/12-59-18/csv/version_0/hparams.yaml
[2025-10-09 13:03:15,624][fsspec.local][DEBUG] - open file: C:/Users/jzhao16/Documents/GitHub/99-cell-tracker-gnn-test/99-cell-tracker-gnn-v02-ubu2004/logs/runs/2025-10-09/12-59-18/checkpoints/last.ckpt
[2025-10-09 13:03:15,645][fsspec.local][DEBUG] - open file: C:/Users/jzhao16/Documents/GitHub/99-cell-tracker-gnn-test/99-cell-tracker-gnn-v02-ubu2004/logs/runs/2025-10-09/12-59-18/csv/version_0/hparams.yaml
[2025-10-09 13:03:18,516][fsspec.local][DEBUG] - open file: C:/Users/jzhao16/Documents/GitHub/99-cell-tracker-gnn-test/99-cell-tracker-gnn-v02-ubu2004/logs/runs/2025-10-09/12-59-18/csv/version_0/hparams.yaml
[2025-10-09 13:03:18,642][fsspec.local][DEBUG] - open file: C:/Users/jzhao16/Documents/GitHub/99-cell-tracker-gnn-test/99-cell-tracker-gnn-v02-ubu2004/logs/runs/2025-10-09/12-59-18/checkpoints/last.ckpt
[2025-10-09 13:03:18,662][fsspec.local][DEBUG] - open file: C:/Users/jzhao16/Documents/GitHub/99-cell-tracker-gnn-test/99-cell-tracker-gnn-v02-ubu2004/logs/runs/2025-10-09/12-59-18/csv/version_0/hparams.yaml
[2025-10-09 13:03:21,464][fsspec.local][DEBUG] - open file: C:/Users/jzhao16/Documents/GitHub/99-cell-tracker-gnn-test/99-cell-tracker-gnn-v02-ubu2004/logs/runs/2025-10-09/12-59-18/csv/version_0/hparams.yaml
[2025-10-09 13:03:21,582][fsspec.local][DEBUG] - open file: C:/Users/jzhao16/Documents/GitHub/99-cell-tracker-gnn-test/99-cell-tracker-gnn-v02-ubu2004/logs/runs/2025-10-09/12-59-18/checkpoints/last.ckpt
[2025-10-09 13:03:21,602][fsspec.local][DEBUG] - open file: C:/Users/jzhao16/Documents/GitHub/99-cell-tracker-gnn-test/99-cell-tracker-gnn-v02-ubu2004/logs/runs/2025-10-09/12-59-18/csv/version_0/hparams.yaml
[2025-10-09 13:03:23,034][fsspec.local][DEBUG] - open file: C:/Users/jzhao16/Documents/GitHub/99-cell-tracker-gnn-test/99-cell-tracker-gnn-v02-ubu2004/logs/runs/2025-10-09/12-59-18/csv/version_0/hparams.yaml
[2025-10-09 13:03:24,354][fsspec.local][DEBUG] - open file: C:/Users/jzhao16/Documents/GitHub/99-cell-tracker-gnn-test/99-cell-tracker-gnn-v02-ubu2004/logs/runs/2025-10-09/12-59-18/csv/version_0/hparams.yaml
[2025-10-09 13:03:24,476][fsspec.local][DEBUG] - open file: C:/Users/jzhao16/Documents/GitHub/99-cell-tracker-gnn-test/99-cell-tracker-gnn-v02-ubu2004/logs/runs/2025-10-09/12-59-18/checkpoints/last.ckpt
[2025-10-09 13:03:24,496][fsspec.local][DEBUG] - open file: C:/Users/jzhao16/Documents/GitHub/99-cell-tracker-gnn-test/99-cell-tracker-gnn-v02-ubu2004/logs/runs/2025-10-09/12-59-18/csv/version_0/hparams.yaml
[2025-10-09 13:03:27,570][fsspec.local][DEBUG] - open file: C:/Users/jzhao16/Documents/GitHub/99-cell-tracker-gnn-test/99-cell-tracker-gnn-v02-ubu2004/logs/runs/2025-10-09/12-59-18/csv/version_0/hparams.yaml
[2025-10-09 13:03:27,691][fsspec.local][DEBUG] - open file: C:/Users/jzhao16/Documents/GitHub/99-cell-tracker-gnn-test/99-cell-tracker-gnn-v02-ubu2004/logs/runs/2025-10-09/12-59-18/checkpoints/last.ckpt
[2025-10-09 13:03:27,712][fsspec.local][DEBUG] - open file: C:/Users/jzhao16/Documents/GitHub/99-cell-tracker-gnn-test/99-cell-tracker-gnn-v02-ubu2004/logs/runs/2025-10-09/12-59-18/csv/version_0/hparams.yaml
[2025-10-09 13:03:30,534][fsspec.local][DEBUG] - open file: C:/Users/jzhao16/Documents/GitHub/99-cell-tracker-gnn-test/99-cell-tracker-gnn-v02-ubu2004/logs/runs/2025-10-09/12-59-18/csv/version_0/hparams.yaml
[2025-10-09 13:03:30,645][fsspec.local][DEBUG] - open file: C:/Users/jzhao16/Documents/GitHub/99-cell-tracker-gnn-test/99-cell-tracker-gnn-v02-ubu2004/logs/runs/2025-10-09/12-59-18/checkpoints/last.ckpt
[2025-10-09 13:03:30,659][fsspec.local][DEBUG] - open file: C:/Users/jzhao16/Documents/GitHub/99-cell-tracker-gnn-test/99-cell-tracker-gnn-v02-ubu2004/logs/runs/2025-10-09/12-59-18/csv/version_0/hparams.yaml
[2025-10-09 13:03:33,384][fsspec.local][DEBUG] - open file: C:/Users/jzhao16/Documents/GitHub/99-cell-tracker-gnn-test/99-cell-tracker-gnn-v02-ubu2004/logs/runs/2025-10-09/12-59-18/csv/version_0/hparams.yaml
[2025-10-09 13:03:33,505][fsspec.local][DEBUG] - open file: C:/Users/jzhao16/Documents/GitHub/99-cell-tracker-gnn-test/99-cell-tracker-gnn-v02-ubu2004/logs/runs/2025-10-09/12-59-18/checkpoints/last.ckpt
[2025-10-09 13:03:33,526][fsspec.local][DEBUG] - open file: C:/Users/jzhao16/Documents/GitHub/99-cell-tracker-gnn-test/99-cell-tracker-gnn-v02-ubu2004/logs/runs/2025-10-09/12-59-18/csv/version_0/hparams.yaml
[2025-10-09 13:03:33,620][fsspec.local][DEBUG] - open file: C:/Users/jzhao16/Documents/GitHub/99-cell-tracker-gnn-test/99-cell-tracker-gnn-v02-ubu2004/logs/runs/2025-10-09/12-59-18/checkpoints/last.ckpt
[2025-10-09 13:03:33,637][fsspec.local][DEBUG] - open file: C:/Users/jzhao16/Documents/GitHub/99-cell-tracker-gnn-test/99-cell-tracker-gnn-v02-ubu2004/logs/runs/2025-10-09/12-59-18/csv/version_0/hparams.yaml
[2025-10-09 13:03:33,701][src.train][INFO] - Starting testing!
[2025-10-09 13:03:33,701][fsspec.local][DEBUG] - open file: C:/Users/jzhao16/Documents/GitHub/99-cell-tracker-gnn-test/99-cell-tracker-gnn-v02-ubu2004/logs/runs/2025-10-09/12-59-18/checkpoints/epoch=57.ckpt
[2025-10-09 13:03:35,605][pytorch_lightning.accelerators.gpu][INFO] - LOCAL_RANK: 0 - CUDA_VISIBLE_DEVICES: [0]
[2025-10-09 13:03:35,645][fsspec.local][DEBUG] - open file: C:/Users/jzhao16/Documents/GitHub/99-cell-tracker-gnn-test/99-cell-tracker-gnn-v02-ubu2004/logs/runs/2025-10-09/12-59-18/csv/version_0/hparams.yaml
[2025-10-09 13:03:35,913][fsspec.local][DEBUG] - open file: C:/Users/jzhao16/Documents/GitHub/99-cell-tracker-gnn-test/99-cell-tracker-gnn-v02-ubu2004/logs/runs/2025-10-09/12-59-18/csv/version_0/hparams.yaml
[2025-10-09 13:03:35,966][src.train][INFO] - Finalizing!
[2025-10-09 13:03:35,966][src.train][INFO] - Best checkpoint path:
checkpoints/epoch=57.ckpt
