[2025-10-07 20:23:05,218][matplotlib][DEBUG] - CACHEDIR=C:\Users\jzhao16\.matplotlib
[2025-10-07 20:23:05,227][matplotlib.font_manager][DEBUG] - Using fontManager instance from C:\Users\jzhao16\.matplotlib\fontlist-v330.json
[2025-10-07 20:23:07,234][PML][WARNING] - No module named 'tensorboard'
[2025-10-07 20:23:07,234][PML][WARNING] - There won't be any logging or model saving.
[2025-10-07 20:23:07,234][PML][WARNING] - To fix this, pip install record-keeper tensorboard
[2025-10-07 20:23:07,234][PML][WARNING] - No record_keeper, so no preset hooks are being returned.
[2025-10-07 20:30:20,521][PML][INFO] - Initializing dataloader
[2025-10-07 20:30:20,521][PML][INFO] - Initializing dataloader iterator
[2025-10-07 20:33:03,555][PML][INFO] - Done creating dataloader iterator
[2025-10-07 20:33:03,556][PML][INFO] - TRAINING EPOCH 1
[2025-10-07 20:33:06,729][PML][INFO] - TRAINING EPOCH 2
[2025-10-07 20:35:51,399][PML][INFO] - TRAINING EPOCH 3
[2025-10-07 20:38:27,375][PML][INFO] - TRAINING EPOCH 4
[2025-10-07 20:41:02,859][PML][INFO] - TRAINING EPOCH 5
[2025-10-07 20:43:38,523][PML][INFO] - TRAINING EPOCH 6
[2025-10-07 20:46:14,306][PML][INFO] - TRAINING EPOCH 7
[2025-10-07 20:48:49,888][PML][INFO] - TRAINING EPOCH 8
[2025-10-07 20:51:25,331][PML][INFO] - TRAINING EPOCH 9
[2025-10-07 20:54:01,837][PML][INFO] - TRAINING EPOCH 10
[2025-10-07 20:56:36,550][PML][INFO] - TRAINING EPOCH 11
[2025-10-07 20:59:12,146][PML][INFO] - TRAINING EPOCH 12
[2025-10-07 21:01:48,228][PML][INFO] - TRAINING EPOCH 13
[2025-10-07 21:04:23,818][PML][INFO] - TRAINING EPOCH 14
[2025-10-07 21:07:00,634][PML][INFO] - TRAINING EPOCH 15
[2025-10-07 21:09:36,393][PML][INFO] - TRAINING EPOCH 16
[2025-10-07 21:12:13,268][PML][INFO] - TRAINING EPOCH 17
[2025-10-07 21:14:50,323][PML][INFO] - TRAINING EPOCH 18
[2025-10-07 21:17:25,898][PML][INFO] - TRAINING EPOCH 19
[2025-10-07 21:20:01,277][PML][INFO] - TRAINING EPOCH 20
[2025-10-07 21:22:36,293][PML][INFO] - TRAINING EPOCH 21
[2025-10-07 21:25:12,541][PML][INFO] - TRAINING EPOCH 22
[2025-10-07 21:27:48,069][PML][INFO] - TRAINING EPOCH 23
[2025-10-07 21:30:24,411][PML][INFO] - TRAINING EPOCH 24
[2025-10-07 21:33:00,224][PML][INFO] - TRAINING EPOCH 25
[2025-10-07 21:35:36,655][PML][INFO] - TRAINING EPOCH 26
[2025-10-07 21:38:12,119][PML][INFO] - TRAINING EPOCH 27
[2025-10-07 21:40:48,396][PML][INFO] - TRAINING EPOCH 28
[2025-10-07 21:43:24,794][PML][INFO] - TRAINING EPOCH 29
[2025-10-07 21:46:01,752][PML][INFO] - TRAINING EPOCH 30
[2025-10-07 21:48:38,127][PML][INFO] - TRAINING EPOCH 31
[2025-10-07 21:51:15,652][PML][INFO] - TRAINING EPOCH 32
[2025-10-07 21:53:51,694][PML][INFO] - TRAINING EPOCH 33
[2025-10-07 21:56:26,961][PML][INFO] - TRAINING EPOCH 34
[2025-10-07 21:59:02,733][PML][INFO] - TRAINING EPOCH 35
[2025-10-07 22:01:39,060][PML][INFO] - TRAINING EPOCH 36
[2025-10-07 22:04:15,205][PML][INFO] - TRAINING EPOCH 37
[2025-10-07 22:06:49,786][PML][INFO] - TRAINING EPOCH 38
[2025-10-07 22:09:24,413][PML][INFO] - TRAINING EPOCH 39
[2025-10-07 22:12:00,128][PML][INFO] - TRAINING EPOCH 40
[2025-10-07 22:14:35,567][PML][INFO] - TRAINING EPOCH 41
[2025-10-07 22:17:12,469][PML][INFO] - TRAINING EPOCH 42
[2025-10-07 22:19:47,824][PML][INFO] - TRAINING EPOCH 43
[2025-10-07 22:22:25,137][PML][INFO] - TRAINING EPOCH 44
[2025-10-07 22:25:00,212][PML][INFO] - TRAINING EPOCH 45
[2025-10-07 22:27:35,522][PML][INFO] - TRAINING EPOCH 46
[2025-10-07 22:30:12,796][PML][INFO] - TRAINING EPOCH 47
